[INFO:2019-09-25 19:45:34,035:             makebkp() ]: Creating backup and importing pes settings file
[INFO:2019-09-25 19:45:34,036:             makebkp() ]: Backup created: ['76561198156308153', 'mount', 'settings.dat.orig', 'settings.dat.pes-bkp', 'WEPES']
[WARNING:2019-09-25 19:47:03,712:             makebkp() ]: Something is wrong, please check settings folder
[INFO:2019-09-25 19:47:03,780:      initialize_pes() ]: eFootball PES 2020 has been launched, waiting for initialization
[INFO:2019-09-25 19:47:26,127:      initialize_pes() ]: Global app is initialized and PES2020.exe under PID 3608 can be used for reference
[WARNING:2019-09-25 19:47:28,577:                isok() ]: img/club-house.JPG not found
[WARNING:2019-09-25 19:47:30,965:                isok() ]: img/online-confirm.jpg not found
[WARNING:2019-09-25 19:47:33,256:                isok() ]: img/this-week-pick-up.JPG not found
[WARNING:2019-09-25 19:47:35,529:                isok() ]: img/game-screen.JPG not found
[WARNING:2019-09-25 19:47:37,793:                isok() ]: img/myclub-enter.JPG not found
[WARNING:2019-09-25 19:47:40,062:                isok() ]: img/sure-start.JPG not found
[WARNING:2019-09-25 19:47:42,333:                isok() ]: img/live-update.JPG not found
[WARNING:2019-09-25 19:47:44,616:                isok() ]: img/featured-players.JPG not found
[WARNING:2019-09-25 19:47:47,131:                isok() ]: img/proceed-btn.JPG not found
[WARNING:2019-09-25 19:47:49,410:                isok() ]: img/no-new-updates.JPG not found
[WARNING:2019-09-25 19:47:51,799:                isok() ]: img/proceed-small.JPG not found
[WARNING:2019-09-25 19:47:54,080:                isok() ]: img/big-ok.JPG not found
[WARNING:2019-09-25 19:47:56,436:                isok() ]: img/squad-list.JPG not found
[WARNING:2019-09-25 19:47:58,721:                isok() ]: img/sim-game.JPG not found
[WARNING:2019-09-25 19:48:01,087:                isok() ]: img/kickoff.JPG not found
[INFO:2019-09-25 19:51:24,397:             makebkp() ]: There is settings and settings backup files. We can start playing
[INFO:2019-09-25 19:51:24,402:      initialize_pes() ]: eFootball PES 2020 has been launched, waiting for initialization
[INFO:2019-09-25 19:51:46,970:      initialize_pes() ]: Global app is initialized and PES2020.exe under PID 13496 can be used for reference
[WARNING:2019-09-25 19:51:49,232:                isok() ]: img/club-house.JPG not found
[WARNING:2019-09-25 19:51:51,550:                isok() ]: img/online-confirm.jpg not found
[WARNING:2019-09-25 19:51:53,798:                isok() ]: img/this-week-pick-up.JPG not found
[WARNING:2019-09-25 19:51:55,984:                isok() ]: img/game-screen.JPG not found
[WARNING:2019-09-25 19:51:58,180:                isok() ]: img/myclub-enter.JPG not found
[WARNING:2019-09-25 19:52:00,409:                isok() ]: img/sure-start.JPG not found
[WARNING:2019-09-25 19:52:02,643:                isok() ]: img/live-update.JPG not found
[INFO:2019-09-25 19:52:12,965:      initialize_pes() ]: PES2020.exe already running and initialized, we can proceed with scripts
[WARNING:2019-09-25 19:52:15,231:                isok() ]: img/club-house.JPG not found
[WARNING:2019-09-25 19:52:17,463:                isok() ]: img/online-confirm.jpg not found
[WARNING:2019-09-25 19:52:19,697:                isok() ]: img/this-week-pick-up.JPG not found
[WARNING:2019-09-25 19:52:21,864:                isok() ]: img/game-screen.JPG not found
[WARNING:2019-09-25 19:52:24,029:                isok() ]: img/myclub-enter.JPG not found
[WARNING:2019-09-25 19:52:26,243:                isok() ]: img/sure-start.JPG not found
[WARNING:2019-09-25 19:52:28,405:                isok() ]: img/live-update.JPG not found
[WARNING:2019-09-25 19:52:30,688:                isok() ]: img/featured-players.JPG not found
[WARNING:2019-09-25 19:52:32,838:                isok() ]: img/proceed-btn.JPG not found
[WARNING:2019-09-25 19:52:35,010:                isok() ]: img/no-new-updates.JPG not found
[WARNING:2019-09-25 19:52:37,287:                isok() ]: img/proceed-small.JPG not found
[WARNING:2019-09-25 19:52:39,446:                isok() ]: img/big-ok.JPG not found
[WARNING:2019-09-25 19:52:41,657:                isok() ]: img/squad-list.JPG not found
[WARNING:2019-09-25 19:52:43,815:                isok() ]: img/sim-game.JPG not found
[WARNING:2019-09-25 19:52:46,063:                isok() ]: img/kickoff.JPG not found
[WARNING:2019-09-25 19:52:48,332:                isok() ]: img/match-started.JPG not found
[WARNING:2019-09-25 19:52:50,603:                isok() ]: img/skip-graphic.JPG not found
[WARNING:2019-09-25 19:52:52,867:                isok() ]: img/halftime.JPG not found
[WARNING:2019-09-25 19:52:55,064:                isok() ]: img/second-half.JPG not found
[WARNING:2019-09-25 19:52:57,271:                isok() ]: img/highlights.JPG not found
[WARNING:2019-09-25 19:52:59,437:                isok() ]: img/next-finish.JPG not found
[WARNING:2019-09-25 19:53:01,708:                isok() ]: img/experience.JPG not found
[WARNING:2019-09-25 19:53:03,977:                isok() ]: img/experience.JPG not found
[WARNING:2019-09-25 19:53:06,246:                isok() ]: img/levelup.JPG not found
[WARNING:2019-09-25 19:53:08,482:                isok() ]: img/rating.JPG not found
[WARNING:2019-09-25 19:53:10,644:                isok() ]: img/reward.JPG not found
[WARNING:2019-09-25 19:53:12,777:                isok() ]: img/reward2.JPG not found
[WARNING:2019-09-25 19:53:14,959:                isok() ]: img/contract-manager-upd.JPG not found
[WARNING:2019-09-25 19:53:17,126:                isok() ]: img/contract-confirm1.JPG not found
[WARNING:2019-09-25 19:53:19,284:                isok() ]: img/pay-gp.JPG not found
[WARNING:2019-09-25 19:53:21,450:                isok() ]: img/sure-pay.JPG not found
[WARNING:2019-09-25 19:53:23,590:                isok() ]: img/contracts-renewed.JPG not found
[WARNING:2019-09-25 19:53:25,765:                isok() ]: sign/scout.JPG not found
[WARNING:2019-09-25 19:53:27,926:                isok() ]: sign/sign-enter.JPG not found
[WARNING:2019-09-25 19:53:30,093:                isok() ]: sign/choose-slot.JPG not found
[WARNING:2019-09-25 19:53:32,267:                isok() ]: sign/no-scouts.JPG not found
[INFO:2019-09-25 19:53:35,717:                isok() ]: sign/five-star.JPG match found
[INFO:2019-09-25 19:58:48,846:      initialize_pes() ]: PES2020.exe already running and initialized, we can proceed with scripts
[WARNING:2019-09-25 19:58:49,989:                isok() ]: img/club-house.JPG not found
[WARNING:2019-09-25 19:58:51,124:                isok() ]: img/online-confirm.jpg not found
[WARNING:2019-09-25 19:58:52,217:                isok() ]: img/this-week-pick-up.JPG not found
[WARNING:2019-09-25 19:58:53,287:                isok() ]: img/game-screen.JPG not found
[WARNING:2019-09-25 19:58:54,385:                isok() ]: img/myclub-enter.JPG not found
[WARNING:2019-09-25 19:58:55,529:                isok() ]: img/sure-start.JPG not found
[WARNING:2019-09-25 19:58:56,661:                isok() ]: img/live-update.JPG not found
[WARNING:2019-09-25 19:58:57,804:                isok() ]: img/featured-players.JPG not found
[WARNING:2019-09-25 19:58:58,888:                isok() ]: img/proceed-btn.JPG not found
[WARNING:2019-09-25 19:58:59,991:                isok() ]: img/no-new-updates.JPG not found
[WARNING:2019-09-25 19:59:01,102:                isok() ]: img/proceed-small.JPG not found
[WARNING:2019-09-25 19:59:02,192:                isok() ]: img/big-ok.JPG not found
[WARNING:2019-09-25 19:59:03,304:                isok() ]: img/squad-list.JPG not found
[WARNING:2019-09-25 19:59:04,436:                isok() ]: img/sim-game.JPG not found
[WARNING:2019-09-25 19:59:05,574:                isok() ]: img/kickoff.JPG not found
[WARNING:2019-09-25 19:59:06,709:                isok() ]: img/match-started.JPG not found
[WARNING:2019-09-25 19:59:07,847:                isok() ]: img/skip-graphic.JPG not found
[WARNING:2019-09-25 19:59:08,982:                isok() ]: img/halftime.JPG not found
[WARNING:2019-09-25 19:59:10,104:                isok() ]: img/second-half.JPG not found
[WARNING:2019-09-25 19:59:11,244:                isok() ]: img/highlights.JPG not found
[WARNING:2019-09-25 19:59:12,337:                isok() ]: img/next-finish.JPG not found
[WARNING:2019-09-25 19:59:13,446:                isok() ]: img/experience.JPG not found
[WARNING:2019-09-25 19:59:14,582:                isok() ]: img/experience.JPG not found
[WARNING:2019-09-25 19:59:15,717:                isok() ]: img/levelup.JPG not found
[WARNING:2019-09-25 19:59:16,855:                isok() ]: img/rating.JPG not found
[WARNING:2019-09-25 19:59:17,978:                isok() ]: img/reward.JPG not found
[WARNING:2019-09-25 19:59:19,075:                isok() ]: img/reward2.JPG not found
[WARNING:2019-09-25 19:59:20,185:                isok() ]: img/contract-manager-upd.JPG not found
[WARNING:2019-09-25 19:59:21,278:                isok() ]: img/contract-confirm1.JPG not found
[WARNING:2019-09-25 19:59:22,349:                isok() ]: img/pay-gp.JPG not found
[WARNING:2019-09-25 19:59:23,448:                isok() ]: img/sure-pay.JPG not found
[WARNING:2019-09-25 19:59:24,549:                isok() ]: img/contracts-renewed.JPG not found
[WARNING:2019-09-25 19:59:25,660:                isok() ]: sign/scout.JPG not found
[WARNING:2019-09-25 19:59:26,750:                isok() ]: sign/sign-enter.JPG not found
[WARNING:2019-09-25 19:59:27,854:                isok() ]: sign/choose-slot.JPG not found
[WARNING:2019-09-25 19:59:28,953:                isok() ]: sign/no-scouts.JPG not found
[INFO:2019-09-25 19:59:32,203:                isok() ]: sign/five-star.JPG match found
[INFO:2019-09-25 20:05:33,829:      initialize_pes() ]: PES2020.exe already running and initialized, we can proceed with scripts
[INFO:2019-09-25 20:06:21,279:      initialize_pes() ]: PES2020.exe already running and initialized, we can proceed with scripts
[WARNING:2019-09-25 20:06:22,411:                isok() ]: img/club-house.JPG not found
[WARNING:2019-09-25 20:06:23,544:                isok() ]: img/online-confirm.jpg not found
[WARNING:2019-09-25 20:06:24,673:                isok() ]: img/this-week-pick-up.JPG not found
[WARNING:2019-09-25 20:06:25,769:                isok() ]: img/game-screen.JPG not found
[WARNING:2019-09-25 20:06:26,837:                isok() ]: img/myclub-enter.JPG not found
[WARNING:2019-09-25 20:06:27,980:                isok() ]: img/sure-start.JPG not found
[WARNING:2019-09-25 20:06:29,072:                isok() ]: img/live-update.JPG not found
[WARNING:2019-09-25 20:06:30,188:                isok() ]: img/featured-players.JPG not found
[WARNING:2019-09-25 20:06:31,275:                isok() ]: img/proceed-btn.JPG not found
[WARNING:2019-09-25 20:06:32,375:                isok() ]: img/no-new-updates.JPG not found
[WARNING:2019-09-25 20:06:33,521:                isok() ]: img/proceed-small.JPG not found
[WARNING:2019-09-25 20:06:34,611:                isok() ]: img/big-ok.JPG not found
[WARNING:2019-09-25 20:06:35,722:                isok() ]: img/squad-list.JPG not found
[WARNING:2019-09-25 20:06:36,815:                isok() ]: img/sim-game.JPG not found
[WARNING:2019-09-25 20:06:37,937:                isok() ]: img/kickoff.JPG not found
[WARNING:2019-09-25 20:06:39,064:                isok() ]: img/match-started.JPG not found
[WARNING:2019-09-25 20:06:40,198:                isok() ]: img/skip-graphic.JPG not found
[WARNING:2019-09-25 20:06:41,326:                isok() ]: img/halftime.JPG not found
[WARNING:2019-09-25 20:06:42,460:                isok() ]: img/second-half.JPG not found
[WARNING:2019-09-25 20:06:43,595:                isok() ]: img/highlights.JPG not found
[WARNING:2019-09-25 20:06:44,727:                isok() ]: img/next-finish.JPG not found
[WARNING:2019-09-25 20:06:45,870:                isok() ]: img/experience.JPG not found
[WARNING:2019-09-25 20:06:46,967:                isok() ]: img/experience.JPG not found
[WARNING:2019-09-25 20:06:48,102:                isok() ]: img/levelup.JPG not found
[WARNING:2019-09-25 20:06:49,236:                isok() ]: img/rating.JPG not found
[WARNING:2019-09-25 20:06:50,327:                isok() ]: img/reward.JPG not found
[WARNING:2019-09-25 20:06:51,395:                isok() ]: img/reward2.JPG not found
[WARNING:2019-09-25 20:06:52,507:                isok() ]: img/contract-manager-upd.JPG not found
[WARNING:2019-09-25 20:06:53,600:                isok() ]: img/contract-confirm1.JPG not found
[WARNING:2019-09-25 20:06:54,696:                isok() ]: img/pay-gp.JPG not found
[WARNING:2019-09-25 20:06:55,802:                isok() ]: img/sure-pay.JPG not found
[WARNING:2019-09-25 20:06:56,899:                isok() ]: img/contracts-renewed.JPG not found
[WARNING:2019-09-25 20:06:58,010:                isok() ]: sign/scout.JPG not found
[WARNING:2019-09-25 20:06:59,102:                isok() ]: sign/sign-enter.JPG not found
[WARNING:2019-09-25 20:07:00,207:                isok() ]: sign/choose-slot.JPG not found
[WARNING:2019-09-25 20:07:01,337:                isok() ]: sign/no-scouts.JPG not found
[WARNING:2019-09-25 20:07:02,402:                isok() ]: sign/confirm.JPG not found
[WARNING:2019-09-25 20:07:03,517:                isok() ]: sign/chosed-trainer.JPG not found
[WARNING:2019-09-25 20:07:04,612:                isok() ]: sign/sure.JPG not found
[WARNING:2019-09-25 20:07:05,756:                isok() ]: sign/skip.JPG not found
[WARNING:2019-09-25 20:07:06,890:                isok() ]: sign/confirm-player.JPG not found
[WARNING:2019-09-25 20:07:07,977:                isok() ]: sign/next.JPG not found
[WARNING:2019-09-25 20:07:09,089:                isok() ]: sign/added.JPG not found
[WARNING:2019-09-25 20:07:10,186:                isok() ]: sign/choose-slot.JPG not found
[WARNING:2019-09-25 20:07:11,281:                isok() ]: sign/sign-enter.JPG not found
[WARNING:2019-09-25 20:07:12,389:                isok() ]: sign/scout.JPG not found
[WARNING:2019-09-25 20:07:13,525:                isok() ]: img/club-house.JPG not found
[WARNING:2019-09-25 20:07:14,664:                isok() ]: sign/scout.JPG not found
[WARNING:2019-09-25 20:07:15,752:                isok() ]: sign/sign-enter.JPG not found
[WARNING:2019-09-25 20:07:16,852:                isok() ]: sign/sell-enter.JPG not found
[WARNING:2019-09-25 20:07:17,954:                isok() ]: sign/no-scouts-left.JPG not found
[WARNING:2019-09-25 20:07:19,066:                isok() ]: sign/unchecked.JPG not found
[WARNING:2019-09-25 20:07:20,193:                isok() ]: sign/last-checked.JPG not found
[WARNING:2019-09-25 20:07:21,290:                isok() ]: sign/confirm-sell.JPG not found
[WARNING:2019-09-25 20:07:22,416:                isok() ]: sign/reward-received.JPG not found
[WARNING:2019-09-25 20:07:23,493:                isok() ]: sign/no-scouts-left.JPG not found
[WARNING:2019-09-25 20:07:24,603:                isok() ]: sign/scout.JPG not found
[WARNING:2019-09-25 20:07:25,705:                isok() ]: conv/reserves.JPG not found
[WARNING:2019-09-25 20:07:26,848:                isok() ]: conv/white-ball.JPG not found
[WARNING:2019-09-25 20:07:27,982:                isok() ]: conv/bronze-ball.JPG not found
[WARNING:2019-09-25 20:07:29,064:                isok() ]: conv/reserves-list.JPG not found
[WARNING:2019-09-25 20:07:30,182:                isok() ]: conv/white-ball.JPG not found
[WARNING:2019-09-25 20:07:31,315:                isok() ]: conv/bronze-ball.JPG not found
[WARNING:2019-09-25 20:07:32,449:                isok() ]: conv/black-ball.JPG not found
[WARNING:2019-09-25 20:07:33,583:                isok() ]: conv/gold-ball.JPG not found
[WARNING:2019-09-25 20:07:34,717:                isok() ]: conv/black-ball.JPG not found
[WARNING:2019-09-25 20:07:35,851:                isok() ]: conv/player-menu.JPG not found
[WARNING:2019-09-25 20:07:36,941:                isok() ]: conv/convert.JPG not found
[WARNING:2019-09-25 20:07:38,045:                isok() ]: conv/no.JPG not found
[WARNING:2019-09-25 20:07:39,185:                isok() ]: conv/converted.JPG not found
[WARNING:2019-09-25 20:07:40,275:                isok() ]: sign/sign-enter.JPG not found
[INFO:2019-09-25 20:09:34,455:      initialize_pes() ]: PES2020.exe already running and initialized, we can proceed with scripts
[INFO:2019-09-25 20:09:37,637:                isok() ]: img/press-button.jpg match found
[INFO:2019-09-25 20:12:33,550:      initialize_pes() ]: PES2020.exe already running and initialized, we can proceed with scripts
[INFO:2019-09-25 20:12:36,719:                isok() ]: img/press-button.jpg match found
[WARNING:2019-09-25 20:12:41,954:                isok() ]: img/club-house.JPG not found
[WARNING:2019-09-25 20:12:45,224:                isok() ]: img/online-confirm.jpg not found
[WARNING:2019-09-25 20:12:48,489:                isok() ]: img/this-week-pick-up.JPG not found
[WARNING:2019-09-25 20:12:51,724:                isok() ]: img/game-screen.JPG not found
[WARNING:2019-09-25 20:12:54,927:                isok() ]: img/myclub-enter.JPG not found
[WARNING:2019-09-25 20:12:58,239:                isok() ]: img/sure-start.JPG not found
[WARNING:2019-09-25 20:13:01,471:                isok() ]: img/live-update.JPG not found
[WARNING:2019-09-25 20:13:04,882:                isok() ]: img/featured-players.JPG not found
[WARNING:2019-09-25 20:13:08,103:                isok() ]: img/proceed-btn.JPG not found
[WARNING:2019-09-25 20:13:11,371:                isok() ]: img/no-new-updates.JPG not found
[WARNING:2019-09-25 20:13:14,755:                isok() ]: img/proceed-small.JPG not found
[WARNING:2019-09-25 20:13:18,026:                isok() ]: img/big-ok.JPG not found
[WARNING:2019-09-25 20:13:21,278:                isok() ]: img/squad-list.JPG not found
[WARNING:2019-09-25 20:13:24,586:                isok() ]: img/sim-game.JPG not found
[WARNING:2019-09-25 20:13:27,934:                isok() ]: img/kickoff.JPG not found
[WARNING:2019-09-25 20:13:31,338:                isok() ]: img/match-started.JPG not found
[WARNING:2019-09-25 20:13:34,746:                isok() ]: img/skip-graphic.JPG not found
[WARNING:2019-09-25 20:13:38,113:                isok() ]: img/halftime.JPG not found
[WARNING:2019-09-25 20:13:41,344:                isok() ]: img/second-half.JPG not found
[WARNING:2019-09-25 20:13:44,755:                isok() ]: img/highlights.JPG not found
[WARNING:2019-09-25 20:13:47,977:                isok() ]: img/next-finish.JPG not found
[WARNING:2019-09-25 20:13:51,289:                isok() ]: img/experience.JPG not found
[WARNING:2019-09-25 20:13:54,696:                isok() ]: img/experience.JPG not found
[WARNING:2019-09-25 20:13:58,070:                isok() ]: img/levelup.JPG not found
[INFO:2019-09-25 20:16:25,259:      initialize_pes() ]: PES2020.exe already running and initialized, we can proceed with scripts
[INFO:2019-09-25 20:16:28,417:                isok() ]: img/press-button.jpg match found
[INFO:2019-09-25 20:21:34,800:      initialize_pes() ]: PES2020.exe already running and initialized, we can proceed with scripts
[INFO:2019-09-25 20:21:37,960:                isok() ]: img/press-button.jpg match found
[INFO:2019-09-25 20:23:49,520:      initialize_pes() ]: PES2020.exe already running and initialized, we can proceed with scripts
[INFO:2019-09-25 20:23:52,696:                isok() ]: img/press-button.jpg match found
[INFO:2019-09-25 20:24:19,820:      initialize_pes() ]: PES2020.exe already running and initialized, we can proceed with scripts
[INFO:2019-09-25 20:24:22,996:                isok() ]: img/press-button.jpg match found
[INFO:2019-09-25 20:24:57,526:      initialize_pes() ]: PES2020.exe already running and initialized, we can proceed with scripts
[INFO:2019-09-25 20:25:00,693:                isok() ]: img/press-button.jpg match found
[INFO:2019-09-25 20:26:03,652:      initialize_pes() ]: PES2020.exe already running and initialized, we can proceed with scripts
[INFO:2019-09-25 20:26:06,829:                isok() ]: img/press-button.jpg match found
[WARNING:2019-09-25 20:26:12,131:                isok() ]: img/club-house.JPG not found
[WARNING:2019-09-25 20:26:15,464:                isok() ]: img/online-confirm.jpg not found
[WARNING:2019-09-25 20:26:18,737:                isok() ]: img/this-week-pick-up.JPG not found
[INFO:2019-09-25 20:26:49,771:      initialize_pes() ]: PES2020.exe already running and initialized, we can proceed with scripts
[INFO:2019-09-25 20:26:52,941:                isok() ]: img/press-button.jpg match found
[INFO:2019-09-25 20:28:39,828:      initialize_pes() ]: PES2020.exe already running and initialized, we can proceed with scripts
[INFO:2019-09-25 20:28:42,983:                isok() ]: img/press-button.jpg match found
[WARNING:2019-09-25 20:28:46,018:                isok() ]: img/club-house.JPG not found
[WARNING:2019-09-25 20:28:47,151:                isok() ]: img/online-confirm.jpg not found
[WARNING:2019-09-25 20:28:48,281:                isok() ]: img/this-week-pick-up.JPG not found
[INFO:2019-09-25 20:34:21,220:      initialize_pes() ]: PES2020.exe already running and initialized, we can proceed with scripts
[WARNING:2019-09-25 20:34:22,352:                isok() ]: img/press-button.jpg not found
[WARNING:2019-09-25 20:34:23,448:                isok() ]: img/club-house.JPG not found
[WARNING:2019-09-25 20:34:24,587:                isok() ]: img/online-confirm.jpg not found
[INFO:2019-09-25 20:34:27,765:                isok() ]: img/this-week-pick-up.JPG match found
[INFO:2019-09-25 20:37:21,537:      initialize_pes() ]: PES2020.exe already running and initialized, we can proceed with scripts
[WARNING:2019-09-25 20:37:22,664:                isok() ]: img/press-button.jpg not found
[WARNING:2019-09-25 20:37:23,760:                isok() ]: img/club-house.JPG not found
[WARNING:2019-09-25 20:37:24,863:                isok() ]: img/online-confirm.jpg not found
[INFO:2019-09-25 20:37:28,076:                isok() ]: img/this-week-pick-up.JPG match found
[WARNING:2019-09-25 20:37:31,070:                isok() ]: img/myclub-enter.JPG not found
[WARNING:2019-09-25 20:37:32,218:                isok() ]: img/sure-start.JPG not found
[WARNING:2019-09-25 20:37:33,304:                isok() ]: img/live-update.JPG not found
[WARNING:2019-09-25 20:37:34,450:                isok() ]: img/featured-players.JPG not found
[WARNING:2019-09-25 20:37:35,544:                isok() ]: img/proceed-btn.JPG not found
[WARNING:2019-09-25 20:37:36,640:                isok() ]: img/no-new-updates.JPG not found
[WARNING:2019-09-25 20:37:37,784:                isok() ]: img/proceed-small.JPG not found
[WARNING:2019-09-25 20:37:38,875:                isok() ]: img/big-ok.JPG not found
[WARNING:2019-09-25 20:37:39,984:                isok() ]: img/squad-list.JPG not found
[INFO:2019-09-25 20:37:58,302:      initialize_pes() ]: PES2020.exe already running and initialized, we can proceed with scripts
[WARNING:2019-09-25 20:37:59,432:                isok() ]: img/press-button.jpg not found
[WARNING:2019-09-25 20:38:00,574:                isok() ]: img/club-house.JPG not found
[WARNING:2019-09-25 20:38:01,708:                isok() ]: img/online-confirm.jpg not found
[WARNING:2019-09-25 20:38:02,832:                isok() ]: img/this-week-pick-up.JPG not found
[INFO:2019-09-25 20:38:05,985:                isok() ]: img/game-screen.JPG match found
[INFO:2019-09-25 20:38:22,408:      initialize_pes() ]: PES2020.exe already running and initialized, we can proceed with scripts
[WARNING:2019-09-25 20:38:23,527:                isok() ]: img/press-button.jpg not found
[WARNING:2019-09-25 20:38:24,662:                isok() ]: img/club-house.JPG not found
[WARNING:2019-09-25 20:38:25,788:                isok() ]: img/online-confirm.jpg not found
[WARNING:2019-09-25 20:38:26,887:                isok() ]: img/this-week-pick-up.JPG not found
[WARNING:2019-09-25 20:38:27,989:                isok() ]: img/game-screen.JPG not found
[INFO:2019-09-25 20:38:31,140:                isok() ]: img/myclub-enter.JPG match found
[INFO:2019-09-25 20:38:44,632:      initialize_pes() ]: PES2020.exe already running and initialized, we can proceed with scripts
[WARNING:2019-09-25 20:38:45,742:                isok() ]: img/press-button.jpg not found
[WARNING:2019-09-25 20:38:46,886:                isok() ]: img/club-house.JPG not found
[WARNING:2019-09-25 20:38:48,016:                isok() ]: img/online-confirm.jpg not found
[WARNING:2019-09-25 20:38:49,149:                isok() ]: img/this-week-pick-up.JPG not found
[WARNING:2019-09-25 20:38:50,281:                isok() ]: img/game-screen.JPG not found
[INFO:2019-09-25 20:38:53,461:                isok() ]: img/myclub-enter.JPG match found
[WARNING:2019-09-25 20:38:56,490:                isok() ]: img/live-update.JPG not found
[WARNING:2019-09-25 20:38:57,630:                isok() ]: img/featured-players.JPG not found
[WARNING:2019-09-25 20:38:58,757:                isok() ]: img/proceed-btn.JPG not found
[WARNING:2019-09-25 20:38:59,859:                isok() ]: img/no-new-updates.JPG not found
[WARNING:2019-09-25 20:39:01,002:                isok() ]: img/proceed-small.JPG not found
[WARNING:2019-09-25 20:39:02,095:                isok() ]: img/big-ok.JPG not found
[WARNING:2019-09-25 20:39:03,234:                isok() ]: img/squad-list.JPG not found
[WARNING:2019-09-25 20:39:04,329:                isok() ]: img/sim-game.JPG not found
[INFO:2019-09-25 20:39:07,472:                isok() ]: img/kickoff.JPG match found
[INFO:2019-09-25 20:39:35,420:      initialize_pes() ]: PES2020.exe already running and initialized, we can proceed with scripts
[WARNING:2019-09-25 20:39:36,559:                isok() ]: img/press-button.jpg not found
[WARNING:2019-09-25 20:39:37,664:                isok() ]: img/club-house.JPG not found
[WARNING:2019-09-25 20:39:38,763:                isok() ]: img/online-confirm.jpg not found
[WARNING:2019-09-25 20:39:39,869:                isok() ]: img/this-week-pick-up.JPG not found
[WARNING:2019-09-25 20:39:40,998:                isok() ]: img/game-screen.JPG not found
[INFO:2019-09-25 20:39:44,179:                isok() ]: img/sure-start.JPG match found
[INFO:2019-09-25 20:41:51,171:      initialize_pes() ]: PES2020.exe already running and initialized, we can proceed with scripts
[WARNING:2019-09-25 20:41:52,297:                isok() ]: img/press-button.jpg not found
[WARNING:2019-09-25 20:41:53,397:                isok() ]: img/club-house.JPG not found
[WARNING:2019-09-25 20:41:54,466:                isok() ]: img/online-confirm.jpg not found
[WARNING:2019-09-25 20:41:55,533:                isok() ]: img/this-week-pick-up.JPG not found
[WARNING:2019-09-25 20:41:56,601:                isok() ]: img/game-screen.JPG not found
[INFO:2019-09-25 20:41:59,781:                isok() ]: img/sure-start.JPG match found
[INFO:2019-09-25 20:42:54,341:      initialize_pes() ]: PES2020.exe already running and initialized, we can proceed with scripts
[WARNING:2019-09-25 20:42:55,455:                isok() ]: img/press-button.jpg not found
[WARNING:2019-09-25 20:42:56,561:                isok() ]: img/club-house.JPG not found
[WARNING:2019-09-25 20:42:57,662:                isok() ]: img/online-confirm.jpg not found
[WARNING:2019-09-25 20:42:58,760:                isok() ]: img/this-week-pick-up.JPG not found
[WARNING:2019-09-25 20:42:59,861:                isok() ]: img/game-screen.JPG not found
[WARNING:2019-09-25 20:43:00,969:                isok() ]: img/sure-start.JPG not found
[INFO:2019-09-25 20:43:04,145:                isok() ]: img/live-update.JPG match found
[INFO:2019-09-25 20:43:17,199:      initialize_pes() ]: PES2020.exe already running and initialized, we can proceed with scripts
[WARNING:2019-09-25 20:43:18,318:                isok() ]: img/press-button.jpg not found
[WARNING:2019-09-25 20:43:19,456:                isok() ]: img/club-house.JPG not found
[WARNING:2019-09-25 20:43:20,584:                isok() ]: img/online-confirm.jpg not found
[WARNING:2019-09-25 20:43:21,721:                isok() ]: img/this-week-pick-up.JPG not found
[WARNING:2019-09-25 20:43:22,853:                isok() ]: img/game-screen.JPG not found
[WARNING:2019-09-25 20:43:23,989:                isok() ]: img/sure-start.JPG not found
[WARNING:2019-09-25 20:43:25,127:                isok() ]: img/live-update.JPG not found
[INFO:2019-09-25 20:43:28,303:                isok() ]: img/featured-players.JPG match found
[INFO:2019-09-25 20:44:20,282:      initialize_pes() ]: PES2020.exe already running and initialized, we can proceed with scripts
[WARNING:2019-09-25 20:44:21,415:                isok() ]: img/press-button.jpg not found
[INFO:2019-09-25 20:44:24,598:                isok() ]: img/club-house.JPG match found
[INFO:2019-09-25 20:45:23,757:      initialize_pes() ]: PES2020.exe already running and initialized, we can proceed with scripts
[WARNING:2019-09-25 20:45:24,875:                isok() ]: img/press-button.jpg not found
[WARNING:2019-09-25 20:45:26,006:                isok() ]: img/club-house.JPG not found
[WARNING:2019-09-25 20:45:27,079:                isok() ]: img/online-confirm.jpg not found
[WARNING:2019-09-25 20:45:28,179:                isok() ]: img/this-week-pick-up.JPG not found
[WARNING:2019-09-25 20:45:29,245:                isok() ]: img/game-screen.JPG not found
[WARNING:2019-09-25 20:45:30,313:                isok() ]: img/sure-start.JPG not found
[WARNING:2019-09-25 20:45:31,379:                isok() ]: img/live-update.JPG not found
[WARNING:2019-09-25 20:45:32,527:                isok() ]: img/featured-players.JPG not found
[WARNING:2019-09-25 20:45:33,613:                isok() ]: img/proceed-btn.JPG not found
[WARNING:2019-09-25 20:45:34,715:                isok() ]: img/no-new-updates.JPG not found
[WARNING:2019-09-25 20:45:35,863:                isok() ]: img/proceed-small.JPG not found
[WARNING:2019-09-25 20:45:36,950:                isok() ]: img/big-ok.JPG not found
[INFO:2019-09-25 20:45:40,101:                isok() ]: img/squad-list.JPG match found
[INFO:2019-09-25 20:48:20,200:      initialize_pes() ]: PES2020.exe already running and initialized, we can proceed with scripts
[WARNING:2019-09-25 20:48:21,319:                isok() ]: img/press-button.jpg not found
[WARNING:2019-09-25 20:48:22,419:                isok() ]: img/club-house.JPG not found
[WARNING:2019-09-25 20:48:23,488:                isok() ]: img/online-confirm.jpg not found
[WARNING:2019-09-25 20:48:24,584:                isok() ]: img/this-week-pick-up.JPG not found
[WARNING:2019-09-25 20:48:25,722:                isok() ]: img/game-screen.JPG not found
[WARNING:2019-09-25 20:48:26,868:                isok() ]: img/sure-start.JPG not found
[WARNING:2019-09-25 20:48:27,958:                isok() ]: img/live-update.JPG not found
[WARNING:2019-09-25 20:48:29,104:                isok() ]: img/featured-players.JPG not found
[WARNING:2019-09-25 20:48:30,231:                isok() ]: img/proceed-btn.JPG not found
[WARNING:2019-09-25 20:48:31,362:                isok() ]: img/no-new-updates.JPG not found
[WARNING:2019-09-25 20:48:32,508:                isok() ]: img/proceed-small.JPG not found
[WARNING:2019-09-25 20:48:33,634:                isok() ]: img/big-ok.JPG not found
[WARNING:2019-09-25 20:48:34,736:                isok() ]: img/squad-list.JPG not found
[INFO:2019-09-25 20:48:37,961:                isok() ]: img/sim-game.JPG match found
[INFO:2019-09-25 20:48:59,478:      initialize_pes() ]: PES2020.exe already running and initialized, we can proceed with scripts
[WARNING:2019-09-25 20:49:00,631:                isok() ]: img/press-button.jpg not found
[WARNING:2019-09-25 20:49:01,764:                isok() ]: img/club-house.JPG not found
[WARNING:2019-09-25 20:49:02,899:                isok() ]: img/online-confirm.jpg not found
[WARNING:2019-09-25 20:49:04,032:                isok() ]: img/this-week-pick-up.JPG not found
[WARNING:2019-09-25 20:49:05,167:                isok() ]: img/game-screen.JPG not found
[WARNING:2019-09-25 20:49:06,310:                isok() ]: img/sure-start.JPG not found
[WARNING:2019-09-25 20:49:07,447:                isok() ]: img/live-update.JPG not found
[WARNING:2019-09-25 20:49:08,577:                isok() ]: img/featured-players.JPG not found
[WARNING:2019-09-25 20:49:09,709:                isok() ]: img/proceed-btn.JPG not found
[WARNING:2019-09-25 20:49:10,842:                isok() ]: img/no-new-updates.JPG not found
[WARNING:2019-09-25 20:49:11,981:                isok() ]: img/proceed-small.JPG not found
[WARNING:2019-09-25 20:49:13,109:                isok() ]: img/big-ok.JPG not found
[WARNING:2019-09-25 20:49:14,243:                isok() ]: img/squad-list.JPG not found
[WARNING:2019-09-25 20:49:15,375:                isok() ]: img/sim-game.JPG not found
[INFO:2019-09-25 20:49:18,552:                isok() ]: img/kickoff.JPG match found
[INFO:2019-09-25 20:49:46,797:      initialize_pes() ]: PES2020.exe already running and initialized, we can proceed with scripts
[WARNING:2019-09-25 20:49:47,935:                isok() ]: img/press-button.jpg not found
[WARNING:2019-09-25 20:49:49,036:                isok() ]: img/club-house.JPG not found
[WARNING:2019-09-25 20:49:50,139:                isok() ]: img/online-confirm.jpg not found
[WARNING:2019-09-25 20:49:51,238:                isok() ]: img/this-week-pick-up.JPG not found
[WARNING:2019-09-25 20:49:52,372:                isok() ]: img/game-screen.JPG not found
[WARNING:2019-09-25 20:49:53,476:                isok() ]: img/sure-start.JPG not found
[WARNING:2019-09-25 20:49:54,597:                isok() ]: img/live-update.JPG not found
[WARNING:2019-09-25 20:49:55,736:                isok() ]: img/featured-players.JPG not found
[WARNING:2019-09-25 20:49:56,854:                isok() ]: img/proceed-btn.JPG not found
[WARNING:2019-09-25 20:49:57,992:                isok() ]: img/no-new-updates.JPG not found
[WARNING:2019-09-25 20:49:59,145:                isok() ]: img/proceed-small.JPG not found
[WARNING:2019-09-25 20:50:00,273:                isok() ]: img/big-ok.JPG not found
[WARNING:2019-09-25 20:50:01,405:                isok() ]: img/squad-list.JPG not found
[WARNING:2019-09-25 20:50:02,562:                isok() ]: img/sim-game.JPG not found
[WARNING:2019-09-25 20:50:03,692:                isok() ]: img/kickoff.JPG not found
[WARNING:2019-09-25 20:50:04,830:                isok() ]: img/match-started.JPG not found
[WARNING:2019-09-25 20:50:05,981:                isok() ]: img/skip-graphic.JPG not found
[WARNING:2019-09-25 20:50:07,098:                isok() ]: img/halftime.JPG not found
[WARNING:2019-09-25 20:50:08,228:                isok() ]: img/second-half.JPG not found
[WARNING:2019-09-25 20:50:09,374:                isok() ]: img/highlights.JPG not found
[WARNING:2019-09-25 20:50:10,502:                isok() ]: img/next-finish.JPG not found
[WARNING:2019-09-25 20:50:11,634:                isok() ]: img/experience.JPG not found
[WARNING:2019-09-25 20:50:12,770:                isok() ]: img/experience.JPG not found
[WARNING:2019-09-25 20:50:13,903:                isok() ]: img/levelup.JPG not found
[WARNING:2019-09-25 20:50:15,038:                isok() ]: img/rating.JPG not found
[WARNING:2019-09-25 20:50:16,175:                isok() ]: img/reward.JPG not found
[WARNING:2019-09-25 20:50:17,308:                isok() ]: img/reward2.JPG not found
[WARNING:2019-09-25 20:50:18,446:                isok() ]: img/contract-manager-upd.JPG not found
[WARNING:2019-09-25 20:50:19,575:                isok() ]: img/contract-confirm1.JPG not found
[WARNING:2019-09-25 20:50:20,706:                isok() ]: img/pay-gp.JPG not found
[WARNING:2019-09-25 20:50:21,843:                isok() ]: img/sure-pay.JPG not found
[WARNING:2019-09-25 20:50:22,981:                isok() ]: img/contracts-renewed.JPG not found
[WARNING:2019-09-25 20:50:24,115:                isok() ]: sign/scout.JPG not found
[WARNING:2019-09-25 20:50:25,251:                isok() ]: sign/sign-enter.JPG not found
[WARNING:2019-09-25 20:50:26,386:                isok() ]: sign/choose-slot.JPG not found
[WARNING:2019-09-25 20:50:27,517:                isok() ]: sign/no-scouts.JPG not found
[WARNING:2019-09-25 20:50:28,668:                isok() ]: sign/five-star.JPG not found
[WARNING:2019-09-25 20:50:29,786:                isok() ]: sign/confirm.JPG not found
[WARNING:2019-09-25 20:50:30,935:                isok() ]: sign/chosed-trainer.JPG not found
[WARNING:2019-09-25 20:50:32,102:                isok() ]: sign/sure.JPG not found
[WARNING:2019-09-25 20:50:33,240:                isok() ]: sign/skip.JPG not found
[WARNING:2019-09-25 20:50:34,383:                isok() ]: sign/confirm-player.JPG not found
[WARNING:2019-09-25 20:50:35,493:                isok() ]: sign/next.JPG not found
[WARNING:2019-09-25 20:50:36,633:                isok() ]: sign/added.JPG not found
[WARNING:2019-09-25 20:50:37,778:                isok() ]: sign/choose-slot.JPG not found
[WARNING:2019-09-25 20:50:38,932:                isok() ]: sign/sign-enter.JPG not found
[WARNING:2019-09-25 20:50:40,079:                isok() ]: sign/scout.JPG not found
[WARNING:2019-09-25 20:50:41,234:                isok() ]: img/club-house.JPG not found
[INFO:2019-09-25 20:55:38,273:      initialize_pes() ]: PES2020.exe already running and initialized, we can proceed with scripts
[WARNING:2019-09-25 20:55:39,430:                isok() ]: img/press-button.jpg not found
[WARNING:2019-09-25 20:55:40,559:                isok() ]: img/club-house.JPG not found
[WARNING:2019-09-25 20:55:41,692:                isok() ]: img/online-confirm.jpg not found
[WARNING:2019-09-25 20:55:42,787:                isok() ]: img/this-week-pick-up.JPG not found
[WARNING:2019-09-25 20:55:43,896:                isok() ]: img/game-screen.JPG not found
[WARNING:2019-09-25 20:55:45,027:                isok() ]: img/sure-start.JPG not found
[WARNING:2019-09-25 20:55:46,145:                isok() ]: img/live-update.JPG not found
[WARNING:2019-09-25 20:55:47,287:                isok() ]: img/featured-players.JPG not found
[WARNING:2019-09-25 20:55:48,367:                isok() ]: img/proceed-btn.JPG not found
[WARNING:2019-09-25 20:55:49,501:                isok() ]: img/no-new-updates.JPG not found
[WARNING:2019-09-25 20:55:50,642:                isok() ]: img/proceed-small.JPG not found
[WARNING:2019-09-25 20:55:51,768:                isok() ]: img/big-ok.JPG not found
[WARNING:2019-09-25 20:55:52,873:                isok() ]: img/squad-list.JPG not found
[WARNING:2019-09-25 20:55:54,014:                isok() ]: img/sim-game.JPG not found
[WARNING:2019-09-25 20:55:55,141:                isok() ]: img/kickoff.JPG not found
[WARNING:2019-09-25 20:55:56,277:                isok() ]: img/match-started.JPG not found
[WARNING:2019-09-25 20:55:57,417:                isok() ]: img/skip-graphic.JPG not found
[INFO:2019-09-25 20:56:00,588:                isok() ]: img/halftime.JPG match found
[INFO:2019-09-25 20:56:12,539:      initialize_pes() ]: PES2020.exe already running and initialized, we can proceed with scripts
[WARNING:2019-09-25 20:56:13,698:                isok() ]: img/press-button.jpg not found
[WARNING:2019-09-25 20:56:14,870:                isok() ]: img/club-house.JPG not found
[WARNING:2019-09-25 20:56:15,994:                isok() ]: img/online-confirm.jpg not found
[WARNING:2019-09-25 20:56:17,128:                isok() ]: img/this-week-pick-up.JPG not found
[WARNING:2019-09-25 20:56:18,265:                isok() ]: img/game-screen.JPG not found
[WARNING:2019-09-25 20:56:19,400:                isok() ]: img/sure-start.JPG not found
[WARNING:2019-09-25 20:56:20,534:                isok() ]: img/live-update.JPG not found
[WARNING:2019-09-25 20:56:21,680:                isok() ]: img/featured-players.JPG not found
[WARNING:2019-09-25 20:56:22,802:                isok() ]: img/proceed-btn.JPG not found
[WARNING:2019-09-25 20:56:23,934:                isok() ]: img/no-new-updates.JPG not found
[WARNING:2019-09-25 20:56:25,078:                isok() ]: img/proceed-small.JPG not found
[WARNING:2019-09-25 20:56:26,203:                isok() ]: img/big-ok.JPG not found
[WARNING:2019-09-25 20:56:27,339:                isok() ]: img/squad-list.JPG not found
[WARNING:2019-09-25 20:56:28,472:                isok() ]: img/sim-game.JPG not found
[WARNING:2019-09-25 20:56:29,609:                isok() ]: img/kickoff.JPG not found
[WARNING:2019-09-25 20:56:30,745:                isok() ]: img/match-started.JPG not found
[WARNING:2019-09-25 20:56:31,885:                isok() ]: img/skip-graphic.JPG not found
[INFO:2019-09-25 20:56:35,088:                isok() ]: img/halftime.JPG match found
[WARNING:2019-09-25 20:56:38,128:                isok() ]: img/highlights.JPG not found
[WARNING:2019-09-25 20:56:39,257:                isok() ]: img/next-finish.JPG not found
[WARNING:2019-09-25 20:56:40,349:                isok() ]: img/experience.JPG not found
[WARNING:2019-09-25 20:56:41,416:                isok() ]: img/experience.JPG not found
[WARNING:2019-09-25 20:56:42,539:                isok() ]: img/levelup.JPG not found
[WARNING:2019-09-25 20:56:43,627:                isok() ]: img/rating.JPG not found
[WARNING:2019-09-25 20:56:44,754:                isok() ]: img/reward.JPG not found
[WARNING:2019-09-25 20:56:45,854:                isok() ]: img/reward2.JPG not found
[WARNING:2019-09-25 20:56:47,002:                isok() ]: img/contract-manager-upd.JPG not found
[WARNING:2019-09-25 20:56:48,127:                isok() ]: img/contract-confirm1.JPG not found
[WARNING:2019-09-25 20:56:49,225:                isok() ]: img/pay-gp.JPG not found
[WARNING:2019-09-25 20:56:50,360:                isok() ]: img/sure-pay.JPG not found
[WARNING:2019-09-25 20:56:51,495:                isok() ]: img/contracts-renewed.JPG not found
[WARNING:2019-09-25 20:56:52,592:                isok() ]: sign/scout.JPG not found
[WARNING:2019-09-25 20:56:53,693:                isok() ]: sign/sign-enter.JPG not found
[WARNING:2019-09-25 20:56:54,765:                isok() ]: sign/choose-slot.JPG not found
[WARNING:2019-09-25 20:56:55,860:                isok() ]: sign/no-scouts.JPG not found
[WARNING:2019-09-25 20:56:56,981:                isok() ]: sign/five-star.JPG not found
[WARNING:2019-09-25 20:56:58,105:                isok() ]: sign/confirm.JPG not found
[WARNING:2019-09-25 20:56:59,248:                isok() ]: sign/chosed-trainer.JPG not found
[WARNING:2019-09-25 20:57:00,377:                isok() ]: sign/sure.JPG not found
[WARNING:2019-09-25 20:57:01,517:                isok() ]: sign/skip.JPG not found
[WARNING:2019-09-25 20:57:02,652:                isok() ]: sign/confirm-player.JPG not found
[WARNING:2019-09-25 20:57:03,783:                isok() ]: sign/next.JPG not found
[WARNING:2019-09-25 20:57:04,922:                isok() ]: sign/added.JPG not found
[WARNING:2019-09-25 20:57:06,047:                isok() ]: sign/choose-slot.JPG not found
[WARNING:2019-09-25 20:57:07,181:                isok() ]: sign/sign-enter.JPG not found
[WARNING:2019-09-25 20:57:08,321:                isok() ]: sign/scout.JPG not found
[WARNING:2019-09-25 20:57:09,457:                isok() ]: img/club-house.JPG not found
[WARNING:2019-09-25 20:57:10,595:                isok() ]: sign/scout.JPG not found
[WARNING:2019-09-25 20:57:11,722:                isok() ]: sign/sign-enter.JPG not found
[WARNING:2019-09-25 20:57:12,850:                isok() ]: sign/sell-enter.JPG not found
[WARNING:2019-09-25 20:57:13,988:                isok() ]: sign/no-scouts-left.JPG not found
[WARNING:2019-09-25 20:57:15,132:                isok() ]: sign/unchecked.JPG not found
[WARNING:2019-09-25 20:57:16,254:                isok() ]: sign/last-checked.JPG not found
[WARNING:2019-09-25 20:57:17,393:                isok() ]: sign/confirm-sell.JPG not found
[INFO:2019-09-25 20:57:20,570:                isok() ]: sign/reward-received.JPG match found
[INFO:2019-09-25 21:02:33,149:      initialize_pes() ]: PES2020.exe already running and initialized, we can proceed with scripts
[WARNING:2019-09-25 21:02:34,268:                isok() ]: img/press-button.jpg not found
[WARNING:2019-09-25 21:02:35,430:                isok() ]: img/club-house.JPG not found
[WARNING:2019-09-25 21:02:36,543:                isok() ]: img/online-confirm.jpg not found
[WARNING:2019-09-25 21:02:37,651:                isok() ]: img/this-week-pick-up.JPG not found
[WARNING:2019-09-25 21:02:38,773:                isok() ]: img/game-screen.JPG not found
[WARNING:2019-09-25 21:02:39,887:                isok() ]: img/sure-start.JPG not found
[WARNING:2019-09-25 21:02:41,041:                isok() ]: img/live-update.JPG not found
[WARNING:2019-09-25 21:02:42,165:                isok() ]: img/featured-players.JPG not found
[WARNING:2019-09-25 21:02:43,246:                isok() ]: img/proceed-btn.JPG not found
[WARNING:2019-09-25 21:02:44,384:                isok() ]: img/no-new-updates.JPG not found
[WARNING:2019-09-25 21:02:45,534:                isok() ]: img/proceed-small.JPG not found
[WARNING:2019-09-25 21:02:46,652:                isok() ]: img/big-ok.JPG not found
[WARNING:2019-09-25 21:02:47,786:                isok() ]: img/squad-list.JPG not found
[WARNING:2019-09-25 21:02:48,923:                isok() ]: img/sim-game.JPG not found
[WARNING:2019-09-25 21:02:50,054:                isok() ]: img/kickoff.JPG not found
[WARNING:2019-09-25 21:02:51,191:                isok() ]: img/match-started.JPG not found
[WARNING:2019-09-25 21:02:52,333:                isok() ]: img/skip-graphic.JPG not found
[WARNING:2019-09-25 21:02:53,456:                isok() ]: img/second-half.JPG not found
[INFO:2019-09-25 21:02:56,676:                isok() ]: img/highlights.JPG match found
[INFO:2019-09-25 21:03:07,204:      initialize_pes() ]: PES2020.exe already running and initialized, we can proceed with scripts
[WARNING:2019-09-25 21:03:08,375:                isok() ]: img/press-button.jpg not found
[WARNING:2019-09-25 21:03:09,514:                isok() ]: img/club-house.JPG not found
[WARNING:2019-09-25 21:03:10,653:                isok() ]: img/online-confirm.jpg not found
[WARNING:2019-09-25 21:03:11,746:                isok() ]: img/this-week-pick-up.JPG not found
[WARNING:2019-09-25 21:03:12,873:                isok() ]: img/game-screen.JPG not found
[WARNING:2019-09-25 21:03:13,989:                isok() ]: img/sure-start.JPG not found
[WARNING:2019-09-25 21:03:15,125:                isok() ]: img/live-update.JPG not found
[WARNING:2019-09-25 21:03:16,258:                isok() ]: img/featured-players.JPG not found
[WARNING:2019-09-25 21:03:17,374:                isok() ]: img/proceed-btn.JPG not found
[WARNING:2019-09-25 21:03:18,531:                isok() ]: img/no-new-updates.JPG not found
[WARNING:2019-09-25 21:03:19,671:                isok() ]: img/proceed-small.JPG not found
[WARNING:2019-09-25 21:03:20,750:                isok() ]: img/big-ok.JPG not found
[WARNING:2019-09-25 21:03:21,820:                isok() ]: img/squad-list.JPG not found
[WARNING:2019-09-25 21:03:22,954:                isok() ]: img/sim-game.JPG not found
[WARNING:2019-09-25 21:03:24,086:                isok() ]: img/kickoff.JPG not found
[WARNING:2019-09-25 21:03:25,200:                isok() ]: img/match-started.JPG not found
[WARNING:2019-09-25 21:03:26,341:                isok() ]: img/skip-graphic.JPG not found
[WARNING:2019-09-25 21:03:27,465:                isok() ]: img/second-half.JPG not found
[WARNING:2019-09-25 21:03:28,612:                isok() ]: img/highlights.JPG not found
[INFO:2019-09-25 21:03:32,308:                isok() ]: img/next-finish.JPG match found
[INFO:2019-09-25 21:03:40,377:      initialize_pes() ]: PES2020.exe already running and initialized, we can proceed with scripts
[WARNING:2019-09-25 21:03:41,503:                isok() ]: img/press-button.jpg not found
[WARNING:2019-09-25 21:03:42,642:                isok() ]: img/club-house.JPG not found
[WARNING:2019-09-25 21:03:43,736:                isok() ]: img/online-confirm.jpg not found
[WARNING:2019-09-25 21:03:44,870:                isok() ]: img/this-week-pick-up.JPG not found
[WARNING:2019-09-25 21:03:45,976:                isok() ]: img/game-screen.JPG not found
[WARNING:2019-09-25 21:03:47,114:                isok() ]: img/sure-start.JPG not found
[WARNING:2019-09-25 21:03:48,244:                isok() ]: img/live-update.JPG not found
[WARNING:2019-09-25 21:03:49,354:                isok() ]: img/featured-players.JPG not found
[WARNING:2019-09-25 21:03:50,441:                isok() ]: img/proceed-btn.JPG not found
[WARNING:2019-09-25 21:03:51,552:                isok() ]: img/no-new-updates.JPG not found
[WARNING:2019-09-25 21:03:52,700:                isok() ]: img/proceed-small.JPG not found
[WARNING:2019-09-25 21:03:53,784:                isok() ]: img/big-ok.JPG not found
[WARNING:2019-09-25 21:03:54,880:                isok() ]: img/squad-list.JPG not found
[WARNING:2019-09-25 21:03:56,030:                isok() ]: img/sim-game.JPG not found
[WARNING:2019-09-25 21:03:57,149:                isok() ]: img/kickoff.JPG not found
[WARNING:2019-09-25 21:03:58,253:                isok() ]: img/match-started.JPG not found
[WARNING:2019-09-25 21:03:59,397:                isok() ]: img/skip-graphic.JPG not found
[WARNING:2019-09-25 21:04:00,525:                isok() ]: img/second-half.JPG not found
[WARNING:2019-09-25 21:04:01,668:                isok() ]: img/highlights.JPG not found
[INFO:2019-09-25 21:04:04,847:                isok() ]: img/next-finish.JPG match found
[WARNING:2019-09-25 21:04:07,862:                isok() ]: img/experience.JPG not found
[WARNING:2019-09-25 21:04:08,931:                isok() ]: img/levelup.JPG not found
[WARNING:2019-09-25 21:04:10,073:                isok() ]: img/rating.JPG not found
[WARNING:2019-09-25 21:04:11,204:                isok() ]: img/reward.JPG not found
[WARNING:2019-09-25 21:04:12,333:                isok() ]: img/reward2.JPG not found
[WARNING:2019-09-25 21:04:13,403:                isok() ]: img/contract-manager-upd.JPG not found
[WARNING:2019-09-25 21:04:14,527:                isok() ]: img/contract-confirm1.JPG not found
[WARNING:2019-09-25 21:04:15,601:                isok() ]: img/pay-gp.JPG not found
[WARNING:2019-09-25 21:04:16,700:                isok() ]: img/sure-pay.JPG not found
[WARNING:2019-09-25 21:04:17,801:                isok() ]: img/contracts-renewed.JPG not found
[WARNING:2019-09-25 21:04:18,947:                isok() ]: sign/scout.JPG not found
[WARNING:2019-09-25 21:04:20,067:                isok() ]: sign/sign-enter.JPG not found
[WARNING:2019-09-25 21:04:21,172:                isok() ]: sign/choose-slot.JPG not found
[WARNING:2019-09-25 21:04:22,274:                isok() ]: sign/no-scouts.JPG not found
[WARNING:2019-09-25 21:04:23,399:                isok() ]: sign/five-star.JPG not found
[WARNING:2019-09-25 21:04:24,479:                isok() ]: sign/confirm.JPG not found
[WARNING:2019-09-25 21:04:25,618:                isok() ]: sign/chosed-trainer.JPG not found
[WARNING:2019-09-25 21:04:26,721:                isok() ]: sign/sure.JPG not found
[WARNING:2019-09-25 21:04:27,855:                isok() ]: sign/skip.JPG not found
[WARNING:2019-09-25 21:04:28,994:                isok() ]: sign/confirm-player.JPG not found
[WARNING:2019-09-25 21:04:30,128:                isok() ]: sign/next.JPG not found
[WARNING:2019-09-25 21:04:31,263:                isok() ]: sign/added.JPG not found
[WARNING:2019-09-25 21:04:32,357:                isok() ]: sign/choose-slot.JPG not found
[WARNING:2019-09-25 21:04:33,456:                isok() ]: sign/sign-enter.JPG not found
[WARNING:2019-09-25 21:04:34,592:                isok() ]: sign/scout.JPG not found
[WARNING:2019-09-25 21:04:35,690:                isok() ]: img/club-house.JPG not found
[WARNING:2019-09-25 21:04:36,794:                isok() ]: sign/scout.JPG not found
[WARNING:2019-09-25 21:04:37,928:                isok() ]: sign/sign-enter.JPG not found
[WARNING:2019-09-25 21:04:39,029:                isok() ]: sign/sell-enter.JPG not found
[WARNING:2019-09-25 21:04:40,125:                isok() ]: sign/no-scouts-left.JPG not found
[WARNING:2019-09-25 21:04:41,200:                isok() ]: sign/unchecked.JPG not found
[WARNING:2019-09-25 21:04:42,294:                isok() ]: sign/last-checked.JPG not found
[WARNING:2019-09-25 21:04:43,400:                isok() ]: sign/confirm-sell.JPG not found
[INFO:2019-09-25 21:04:46,573:                isok() ]: sign/reward-received.JPG match found
[INFO:2019-09-25 21:06:08,458:      initialize_pes() ]: PES2020.exe already running and initialized, we can proceed with scripts
[WARNING:2019-09-25 21:06:09,581:                isok() ]: img/press-button.jpg not found
[WARNING:2019-09-25 21:06:10,683:                isok() ]: img/club-house.JPG not found
[WARNING:2019-09-25 21:06:11,823:                isok() ]: img/online-confirm.jpg not found
[WARNING:2019-09-25 21:06:12,952:                isok() ]: img/this-week-pick-up.JPG not found
[WARNING:2019-09-25 21:06:14,019:                isok() ]: img/game-screen.JPG not found
[WARNING:2019-09-25 21:06:15,117:                isok() ]: img/sure-start.JPG not found
[WARNING:2019-09-25 21:06:16,223:                isok() ]: img/live-update.JPG not found
[WARNING:2019-09-25 21:06:17,332:                isok() ]: img/featured-players.JPG not found
[WARNING:2019-09-25 21:06:18,422:                isok() ]: img/proceed-btn.JPG not found
[WARNING:2019-09-25 21:06:19,529:                isok() ]: img/no-new-updates.JPG not found
[WARNING:2019-09-25 21:06:20,669:                isok() ]: img/proceed-small.JPG not found
[WARNING:2019-09-25 21:06:21,759:                isok() ]: img/big-ok.JPG not found
[WARNING:2019-09-25 21:06:22,836:                isok() ]: img/squad-list.JPG not found
[WARNING:2019-09-25 21:06:23,932:                isok() ]: img/sim-game.JPG not found
[WARNING:2019-09-25 21:06:25,075:                isok() ]: img/kickoff.JPG not found
[WARNING:2019-09-25 21:06:26,170:                isok() ]: img/match-started.JPG not found
[WARNING:2019-09-25 21:06:27,312:                isok() ]: img/skip-graphic.JPG not found
[WARNING:2019-09-25 21:06:28,399:                isok() ]: img/second-half.JPG not found
[WARNING:2019-09-25 21:06:29,510:                isok() ]: img/highlights.JPG not found
[INFO:2019-09-25 21:06:32,683:                isok() ]: img/experience.JPG match found
[INFO:2019-09-25 21:06:44,574:      initialize_pes() ]: PES2020.exe already running and initialized, we can proceed with scripts
[WARNING:2019-09-25 21:06:45,688:                isok() ]: img/press-button.jpg not found
[WARNING:2019-09-25 21:06:46,782:                isok() ]: img/club-house.JPG not found
[WARNING:2019-09-25 21:06:47,884:                isok() ]: img/online-confirm.jpg not found
[WARNING:2019-09-25 21:06:48,954:                isok() ]: img/this-week-pick-up.JPG not found
[WARNING:2019-09-25 21:06:50,021:                isok() ]: img/game-screen.JPG not found
[WARNING:2019-09-25 21:06:51,097:                isok() ]: img/sure-start.JPG not found
[WARNING:2019-09-25 21:06:52,198:                isok() ]: img/live-update.JPG not found
[WARNING:2019-09-25 21:06:53,340:                isok() ]: img/featured-players.JPG not found
[WARNING:2019-09-25 21:06:54,460:                isok() ]: img/proceed-btn.JPG not found
[WARNING:2019-09-25 21:06:55,563:                isok() ]: img/no-new-updates.JPG not found
[WARNING:2019-09-25 21:06:56,707:                isok() ]: img/proceed-small.JPG not found
[WARNING:2019-09-25 21:06:57,794:                isok() ]: img/big-ok.JPG not found
[WARNING:2019-09-25 21:06:58,901:                isok() ]: img/squad-list.JPG not found
[WARNING:2019-09-25 21:07:00,003:                isok() ]: img/sim-game.JPG not found
[WARNING:2019-09-25 21:07:01,141:                isok() ]: img/kickoff.JPG not found
[WARNING:2019-09-25 21:07:02,238:                isok() ]: img/match-started.JPG not found
[WARNING:2019-09-25 21:07:03,378:                isok() ]: img/skip-graphic.JPG not found
[WARNING:2019-09-25 21:07:04,470:                isok() ]: img/second-half.JPG not found
[WARNING:2019-09-25 21:07:05,581:                isok() ]: img/highlights.JPG not found
[WARNING:2019-09-25 21:07:06,674:                isok() ]: img/experience.JPG not found
[WARNING:2019-09-25 21:07:07,741:                isok() ]: img/experience.JPG not found
[INFO:2019-09-25 21:07:10,888:                isok() ]: img/levelup.JPG match found
[INFO:2019-09-25 21:07:33,547:      initialize_pes() ]: PES2020.exe already running and initialized, we can proceed with scripts
[WARNING:2019-09-25 21:07:34,632:                isok() ]: img/press-button.jpg not found
[WARNING:2019-09-25 21:07:35,732:                isok() ]: img/club-house.JPG not found
[WARNING:2019-09-25 21:07:36,801:                isok() ]: img/online-confirm.jpg not found
[WARNING:2019-09-25 21:07:37,868:                isok() ]: img/this-week-pick-up.JPG not found
[WARNING:2019-09-25 21:07:38,937:                isok() ]: img/game-screen.JPG not found
[WARNING:2019-09-25 21:07:40,005:                isok() ]: img/sure-start.JPG not found
[WARNING:2019-09-25 21:07:41,104:                isok() ]: img/live-update.JPG not found
[WARNING:2019-09-25 21:07:42,213:                isok() ]: img/featured-players.JPG not found
[WARNING:2019-09-25 21:07:43,311:                isok() ]: img/proceed-btn.JPG not found
[WARNING:2019-09-25 21:07:44,415:                isok() ]: img/no-new-updates.JPG not found
[WARNING:2019-09-25 21:07:45,552:                isok() ]: img/proceed-small.JPG not found
[WARNING:2019-09-25 21:07:46,643:                isok() ]: img/big-ok.JPG not found
[WARNING:2019-09-25 21:07:47,746:                isok() ]: img/squad-list.JPG not found
[WARNING:2019-09-25 21:07:48,844:                isok() ]: img/sim-game.JPG not found
[WARNING:2019-09-25 21:07:49,915:                isok() ]: img/kickoff.JPG not found
[WARNING:2019-09-25 21:07:50,984:                isok() ]: img/match-started.JPG not found
[WARNING:2019-09-25 21:07:52,094:                isok() ]: img/skip-graphic.JPG not found
[WARNING:2019-09-25 21:07:53,187:                isok() ]: img/second-half.JPG not found
[WARNING:2019-09-25 21:07:54,294:                isok() ]: img/highlights.JPG not found
[WARNING:2019-09-25 21:07:55,420:                isok() ]: img/experience.JPG not found
[WARNING:2019-09-25 21:07:56,522:                isok() ]: img/experience.JPG not found
[WARNING:2019-09-25 21:07:57,589:                isok() ]: img/levelup.JPG not found
[INFO:2019-09-25 21:08:00,741:                isok() ]: img/rating.JPG match found
[INFO:2019-09-25 21:08:20,623:      initialize_pes() ]: PES2020.exe already running and initialized, we can proceed with scripts
[WARNING:2019-09-25 21:08:21,711:                isok() ]: img/press-button.jpg not found
[WARNING:2019-09-25 21:08:22,812:                isok() ]: img/club-house.JPG not found
[WARNING:2019-09-25 21:08:23,915:                isok() ]: img/online-confirm.jpg not found
[WARNING:2019-09-25 21:08:24,983:                isok() ]: img/this-week-pick-up.JPG not found
[WARNING:2019-09-25 21:08:26,062:                isok() ]: img/game-screen.JPG not found
[WARNING:2019-09-25 21:08:27,156:                isok() ]: img/sure-start.JPG not found
[WARNING:2019-09-25 21:08:28,256:                isok() ]: img/live-update.JPG not found
[WARNING:2019-09-25 21:08:29,396:                isok() ]: img/featured-players.JPG not found
[WARNING:2019-09-25 21:08:30,487:                isok() ]: img/proceed-btn.JPG not found
[WARNING:2019-09-25 21:08:31,635:                isok() ]: img/no-new-updates.JPG not found
[WARNING:2019-09-25 21:08:32,768:                isok() ]: img/proceed-small.JPG not found
[WARNING:2019-09-25 21:08:33,864:                isok() ]: img/big-ok.JPG not found
[WARNING:2019-09-25 21:08:34,994:                isok() ]: img/squad-list.JPG not found
[WARNING:2019-09-25 21:08:36,098:                isok() ]: img/sim-game.JPG not found
[WARNING:2019-09-25 21:08:37,196:                isok() ]: img/kickoff.JPG not found
[WARNING:2019-09-25 21:08:38,262:                isok() ]: img/match-started.JPG not found
[WARNING:2019-09-25 21:08:39,373:                isok() ]: img/skip-graphic.JPG not found
[WARNING:2019-09-25 21:08:40,467:                isok() ]: img/second-half.JPG not found
[WARNING:2019-09-25 21:08:41,608:                isok() ]: img/highlights.JPG not found
[WARNING:2019-09-25 21:08:42,705:                isok() ]: img/experience.JPG not found
[WARNING:2019-09-25 21:08:43,812:                isok() ]: img/experience.JPG not found
[WARNING:2019-09-25 21:08:44,937:                isok() ]: img/levelup.JPG not found
[WARNING:2019-09-25 21:08:46,038:                isok() ]: img/rating.JPG not found
[INFO:2019-09-25 21:08:49,191:                isok() ]: img/reward.JPG match found
[INFO:2019-09-25 21:09:11,616:      initialize_pes() ]: PES2020.exe already running and initialized, we can proceed with scripts
[WARNING:2019-09-25 21:09:12,763:                isok() ]: img/press-button.jpg not found
[WARNING:2019-09-25 21:09:13,902:                isok() ]: img/club-house.JPG not found
[WARNING:2019-09-25 21:09:14,999:                isok() ]: img/online-confirm.jpg not found
[WARNING:2019-09-25 21:09:16,081:                isok() ]: img/this-week-pick-up.JPG not found
[WARNING:2019-09-25 21:09:17,220:                isok() ]: img/game-screen.JPG not found
[WARNING:2019-09-25 21:09:18,356:                isok() ]: img/sure-start.JPG not found
[WARNING:2019-09-25 21:09:19,521:                isok() ]: img/live-update.JPG not found
[WARNING:2019-09-25 21:09:20,649:                isok() ]: img/featured-players.JPG not found
[WARNING:2019-09-25 21:09:21,787:                isok() ]: img/proceed-btn.JPG not found
[WARNING:2019-09-25 21:09:22,985:                isok() ]: img/no-new-updates.JPG not found
[WARNING:2019-09-25 21:09:24,164:                isok() ]: img/proceed-small.JPG not found
[WARNING:2019-09-25 21:09:25,349:                isok() ]: img/big-ok.JPG not found
[WARNING:2019-09-25 21:09:26,478:                isok() ]: img/squad-list.JPG not found
[WARNING:2019-09-25 21:09:27,579:                isok() ]: img/sim-game.JPG not found
[WARNING:2019-09-25 21:09:28,655:                isok() ]: img/kickoff.JPG not found
[WARNING:2019-09-25 21:09:29,755:                isok() ]: img/match-started.JPG not found
[WARNING:2019-09-25 21:09:30,895:                isok() ]: img/skip-graphic.JPG not found
[WARNING:2019-09-25 21:09:32,043:                isok() ]: img/second-half.JPG not found
[WARNING:2019-09-25 21:09:33,166:                isok() ]: img/highlights.JPG not found
[WARNING:2019-09-25 21:09:34,252:                isok() ]: img/experience.JPG not found
[WARNING:2019-09-25 21:09:35,339:                isok() ]: img/experience.JPG not found
[WARNING:2019-09-25 21:09:36,496:                isok() ]: img/levelup.JPG not found
[WARNING:2019-09-25 21:09:37,677:                isok() ]: img/rating.JPG not found
[INFO:2019-09-25 21:09:40,853:                isok() ]: img/reward.JPG match found
[WARNING:2019-09-25 21:09:43,835:                isok() ]: img/contract-manager-upd.JPG not found
[INFO:2019-09-25 21:09:47,011:                isok() ]: img/contract-confirm1.JPG match found
[INFO:2019-09-25 21:16:10,728:      initialize_pes() ]: PES2020.exe already running and initialized, we can proceed with scripts
[WARNING:2019-09-25 21:16:11,889:                isok() ]: img/press-button.jpg not found
[WARNING:2019-09-25 21:16:12,993:                isok() ]: img/club-house.JPG not found
[WARNING:2019-09-25 21:16:14,128:                isok() ]: img/online-confirm.jpg not found
[WARNING:2019-09-25 21:16:15,264:                isok() ]: img/this-week-pick-up.JPG not found
[WARNING:2019-09-25 21:16:16,395:                isok() ]: img/game-screen.JPG not found
[WARNING:2019-09-25 21:16:17,540:                isok() ]: img/sure-start.JPG not found
[WARNING:2019-09-25 21:16:18,662:                isok() ]: img/live-update.JPG not found
[WARNING:2019-09-25 21:16:19,807:                isok() ]: img/featured-players.JPG not found
[WARNING:2019-09-25 21:16:20,900:                isok() ]: img/proceed-btn.JPG not found
[WARNING:2019-09-25 21:16:21,999:                isok() ]: img/no-new-updates.JPG not found
[WARNING:2019-09-25 21:16:23,160:                isok() ]: img/proceed-small.JPG not found
[WARNING:2019-09-25 21:16:24,317:                isok() ]: img/big-ok.JPG not found
[WARNING:2019-09-25 21:16:25,469:                isok() ]: img/squad-list.JPG not found
[WARNING:2019-09-25 21:16:26,573:                isok() ]: img/sim-game.JPG not found
[WARNING:2019-09-25 21:16:27,717:                isok() ]: img/kickoff.JPG not found
[WARNING:2019-09-25 21:16:28,849:                isok() ]: img/match-started.JPG not found
[WARNING:2019-09-25 21:16:29,979:                isok() ]: img/skip-graphic.JPG not found
[WARNING:2019-09-25 21:16:31,122:                isok() ]: img/second-half.JPG not found
[WARNING:2019-09-25 21:16:32,251:                isok() ]: img/highlights.JPG not found
[WARNING:2019-09-25 21:16:33,426:                isok() ]: img/experience.JPG not found
[WARNING:2019-09-25 21:16:34,592:                isok() ]: img/experience.JPG not found
[WARNING:2019-09-25 21:16:35,728:                isok() ]: img/levelup.JPG not found
[WARNING:2019-09-25 21:16:36,859:                isok() ]: img/rating.JPG not found
[WARNING:2019-09-25 21:16:37,987:                isok() ]: img/contract-confirm1.JPG not found
[INFO:2019-09-25 21:16:41,164:                isok() ]: img/contract-manager-upd.JPG match found
[INFO:2019-09-25 21:18:15,404:      initialize_pes() ]: PES2020.exe already running and initialized, we can proceed with scripts
[WARNING:2019-09-25 21:18:16,548:                isok() ]: img/press-button.jpg not found
[WARNING:2019-09-25 21:18:17,644:                isok() ]: img/club-house.JPG not found
[WARNING:2019-09-25 21:18:18,720:                isok() ]: img/online-confirm.jpg not found
[WARNING:2019-09-25 21:18:19,860:                isok() ]: img/this-week-pick-up.JPG not found
[WARNING:2019-09-25 21:18:20,952:                isok() ]: img/game-screen.JPG not found
[WARNING:2019-09-25 21:18:22,087:                isok() ]: img/sure-start.JPG not found
[WARNING:2019-09-25 21:18:23,182:                isok() ]: img/live-update.JPG not found
[WARNING:2019-09-25 21:18:24,295:                isok() ]: img/featured-players.JPG not found
[WARNING:2019-09-25 21:18:25,389:                isok() ]: img/proceed-btn.JPG not found
[WARNING:2019-09-25 21:18:26,526:                isok() ]: img/no-new-updates.JPG not found
[WARNING:2019-09-25 21:18:27,665:                isok() ]: img/proceed-small.JPG not found
[WARNING:2019-09-25 21:18:28,794:                isok() ]: img/big-ok.JPG not found
[WARNING:2019-09-25 21:18:29,897:                isok() ]: img/squad-list.JPG not found
[WARNING:2019-09-25 21:18:31,031:                isok() ]: img/sim-game.JPG not found
[WARNING:2019-09-25 21:18:32,174:                isok() ]: img/kickoff.JPG not found
[WARNING:2019-09-25 21:18:33,300:                isok() ]: img/match-started.JPG not found
[WARNING:2019-09-25 21:18:34,440:                isok() ]: img/skip-graphic.JPG not found
[WARNING:2019-09-25 21:18:35,568:                isok() ]: img/second-half.JPG not found
[WARNING:2019-09-25 21:18:36,710:                isok() ]: img/highlights.JPG not found
[WARNING:2019-09-25 21:18:37,835:                isok() ]: img/experience.JPG not found
[WARNING:2019-09-25 21:18:38,933:                isok() ]: img/experience.JPG not found
[WARNING:2019-09-25 21:18:40,073:                isok() ]: img/levelup.JPG not found
[WARNING:2019-09-25 21:18:41,209:                isok() ]: img/rating.JPG not found
[WARNING:2019-09-25 21:18:42,341:                isok() ]: img/contract-confirm1.JPG not found
[WARNING:2019-09-25 21:18:43,441:                isok() ]: img/contract-manager-upd.JPG not found
[WARNING:2019-09-25 21:18:44,578:                isok() ]: img/contract-confirm1.JPG not found
[WARNING:2019-09-25 21:18:45,673:                isok() ]: img/pay-gp.JPG not found
[WARNING:2019-09-25 21:18:46,813:                isok() ]: img/sure-pay.JPG not found
[WARNING:2019-09-25 21:18:47,912:                isok() ]: img/contracts-renewed.JPG not found
[WARNING:2019-09-25 21:18:49,058:                isok() ]: sign/scout.JPG not found
[INFO:2019-09-25 21:18:52,293:                isok() ]: sign/sign-enter.JPG match found
[INFO:2019-09-25 21:19:09,272:      initialize_pes() ]: PES2020.exe already running and initialized, we can proceed with scripts
[WARNING:2019-09-25 21:19:10,399:                isok() ]: img/press-button.jpg not found
[WARNING:2019-09-25 21:19:11,550:                isok() ]: img/club-house.JPG not found
[WARNING:2019-09-25 21:19:12,667:                isok() ]: img/online-confirm.jpg not found
[WARNING:2019-09-25 21:19:13,773:                isok() ]: img/this-week-pick-up.JPG not found
[WARNING:2019-09-25 21:19:14,872:                isok() ]: img/game-screen.JPG not found
[WARNING:2019-09-25 21:19:15,977:                isok() ]: img/sure-start.JPG not found
[WARNING:2019-09-25 21:19:17,111:                isok() ]: img/live-update.JPG not found
[WARNING:2019-09-25 21:19:18,251:                isok() ]: img/featured-players.JPG not found
[WARNING:2019-09-25 21:19:19,343:                isok() ]: img/proceed-btn.JPG not found
[WARNING:2019-09-25 21:19:20,443:                isok() ]: img/no-new-updates.JPG not found
[WARNING:2019-09-25 21:19:21,589:                isok() ]: img/proceed-small.JPG not found
[WARNING:2019-09-25 21:19:22,714:                isok() ]: img/big-ok.JPG not found
[WARNING:2019-09-25 21:19:23,850:                isok() ]: img/squad-list.JPG not found
[WARNING:2019-09-25 21:19:24,953:                isok() ]: img/sim-game.JPG not found
[WARNING:2019-09-25 21:19:26,051:                isok() ]: img/kickoff.JPG not found
[WARNING:2019-09-25 21:19:27,188:                isok() ]: img/match-started.JPG not found
[WARNING:2019-09-25 21:19:28,328:                isok() ]: img/skip-graphic.JPG not found
[WARNING:2019-09-25 21:19:29,419:                isok() ]: img/second-half.JPG not found
[WARNING:2019-09-25 21:19:30,569:                isok() ]: img/highlights.JPG not found
[WARNING:2019-09-25 21:19:31,692:                isok() ]: img/experience.JPG not found
[WARNING:2019-09-25 21:19:32,823:                isok() ]: img/experience.JPG not found
[WARNING:2019-09-25 21:19:33,922:                isok() ]: img/levelup.JPG not found
[WARNING:2019-09-25 21:19:35,064:                isok() ]: img/rating.JPG not found
[WARNING:2019-09-25 21:19:36,159:                isok() ]: img/contract-confirm1.JPG not found
[WARNING:2019-09-25 21:19:37,295:                isok() ]: img/contract-manager-upd.JPG not found
[WARNING:2019-09-25 21:19:38,426:                isok() ]: img/contract-confirm1.JPG not found
[WARNING:2019-09-25 21:19:39,565:                isok() ]: img/pay-gp.JPG not found
[WARNING:2019-09-25 21:19:40,661:                isok() ]: img/sure-pay.JPG not found
[WARNING:2019-09-25 21:19:41,800:                isok() ]: img/contracts-renewed.JPG not found
[WARNING:2019-09-25 21:19:42,939:                isok() ]: sign/scout.JPG not found
[WARNING:2019-09-25 21:19:44,072:                isok() ]: sign/sign-enter.JPG not found
[INFO:2019-09-25 21:19:47,251:                isok() ]: sign/choose-slot.JPG match found
[INFO:2019-09-25 21:19:58,905:      initialize_pes() ]: PES2020.exe already running and initialized, we can proceed with scripts
[WARNING:2019-09-25 21:20:00,050:                isok() ]: img/press-button.jpg not found
[WARNING:2019-09-25 21:20:01,194:                isok() ]: img/club-house.JPG not found
[WARNING:2019-09-25 21:20:02,318:                isok() ]: img/online-confirm.jpg not found
[WARNING:2019-09-25 21:20:03,455:                isok() ]: img/this-week-pick-up.JPG not found
[WARNING:2019-09-25 21:20:04,590:                isok() ]: img/game-screen.JPG not found
[WARNING:2019-09-25 21:20:05,686:                isok() ]: img/sure-start.JPG not found
[WARNING:2019-09-25 21:20:06,826:                isok() ]: img/live-update.JPG not found
[WARNING:2019-09-25 21:20:07,970:                isok() ]: img/featured-players.JPG not found
[WARNING:2019-09-25 21:20:09,098:                isok() ]: img/proceed-btn.JPG not found
[WARNING:2019-09-25 21:20:10,196:                isok() ]: img/no-new-updates.JPG not found
[WARNING:2019-09-25 21:20:11,339:                isok() ]: img/proceed-small.JPG not found
[WARNING:2019-09-25 21:20:12,428:                isok() ]: img/big-ok.JPG not found
[WARNING:2019-09-25 21:20:13,567:                isok() ]: img/squad-list.JPG not found
[WARNING:2019-09-25 21:20:14,661:                isok() ]: img/sim-game.JPG not found
[WARNING:2019-09-25 21:20:15,800:                isok() ]: img/kickoff.JPG not found
[WARNING:2019-09-25 21:20:16,938:                isok() ]: img/match-started.JPG not found
[WARNING:2019-09-25 21:20:18,078:                isok() ]: img/skip-graphic.JPG not found
[WARNING:2019-09-25 21:20:19,167:                isok() ]: img/second-half.JPG not found
[WARNING:2019-09-25 21:20:20,314:                isok() ]: img/highlights.JPG not found
[WARNING:2019-09-25 21:20:21,436:                isok() ]: img/experience.JPG not found
[WARNING:2019-09-25 21:20:22,579:                isok() ]: img/experience.JPG not found
[WARNING:2019-09-25 21:20:23,712:                isok() ]: img/levelup.JPG not found
[WARNING:2019-09-25 21:20:24,841:                isok() ]: img/rating.JPG not found
[WARNING:2019-09-25 21:20:25,940:                isok() ]: img/contract-confirm1.JPG not found
[WARNING:2019-09-25 21:20:27,046:                isok() ]: img/contract-manager-upd.JPG not found
[WARNING:2019-09-25 21:20:28,139:                isok() ]: img/contract-confirm1.JPG not found
[WARNING:2019-09-25 21:20:29,282:                isok() ]: img/pay-gp.JPG not found
[WARNING:2019-09-25 21:20:30,414:                isok() ]: img/sure-pay.JPG not found
[WARNING:2019-09-25 21:20:31,550:                isok() ]: img/contracts-renewed.JPG not found
[WARNING:2019-09-25 21:20:32,687:                isok() ]: sign/scout.JPG not found
[WARNING:2019-09-25 21:20:33,822:                isok() ]: sign/sign-enter.JPG not found
[WARNING:2019-09-25 21:20:34,917:                isok() ]: sign/choose-slot.JPG not found
[WARNING:2019-09-25 21:20:36,021:                isok() ]: sign/no-scouts.JPG not found
[INFO:2019-09-25 21:20:39,202:                isok() ]: sign/five-star.JPG match found
[INFO:2019-09-25 21:21:00,268:      initialize_pes() ]: PES2020.exe already running and initialized, we can proceed with scripts
[WARNING:2019-09-25 21:21:01,407:                isok() ]: img/press-button.jpg not found
[WARNING:2019-09-25 21:21:02,552:                isok() ]: img/club-house.JPG not found
[WARNING:2019-09-25 21:21:03,645:                isok() ]: img/online-confirm.jpg not found
[WARNING:2019-09-25 21:21:04,779:                isok() ]: img/this-week-pick-up.JPG not found
[WARNING:2019-09-25 21:21:05,882:                isok() ]: img/game-screen.JPG not found
[WARNING:2019-09-25 21:21:06,988:                isok() ]: img/sure-start.JPG not found
[WARNING:2019-09-25 21:21:08,088:                isok() ]: img/live-update.JPG not found
[WARNING:2019-09-25 21:21:09,229:                isok() ]: img/featured-players.JPG not found
[WARNING:2019-09-25 21:21:10,355:                isok() ]: img/proceed-btn.JPG not found
[WARNING:2019-09-25 21:21:11,461:                isok() ]: img/no-new-updates.JPG not found
[WARNING:2019-09-25 21:21:12,603:                isok() ]: img/proceed-small.JPG not found
[WARNING:2019-09-25 21:21:13,688:                isok() ]: img/big-ok.JPG not found
[WARNING:2019-09-25 21:21:14,838:                isok() ]: img/squad-list.JPG not found
[WARNING:2019-09-25 21:21:15,922:                isok() ]: img/sim-game.JPG not found
[WARNING:2019-09-25 21:21:17,079:                isok() ]: img/kickoff.JPG not found
[WARNING:2019-09-25 21:21:18,206:                isok() ]: img/match-started.JPG not found
[WARNING:2019-09-25 21:21:19,336:                isok() ]: img/skip-graphic.JPG not found
[WARNING:2019-09-25 21:21:20,461:                isok() ]: img/second-half.JPG not found
[WARNING:2019-09-25 21:21:21,568:                isok() ]: img/highlights.JPG not found
[WARNING:2019-09-25 21:21:22,672:                isok() ]: img/experience.JPG not found
[WARNING:2019-09-25 21:21:23,765:                isok() ]: img/experience.JPG not found
[WARNING:2019-09-25 21:21:24,981:                isok() ]: img/levelup.JPG not found
[WARNING:2019-09-25 21:21:26,144:                isok() ]: img/rating.JPG not found
[WARNING:2019-09-25 21:21:27,248:                isok() ]: img/contract-confirm1.JPG not found
[WARNING:2019-09-25 21:21:28,332:                isok() ]: img/contract-manager-upd.JPG not found
[WARNING:2019-09-25 21:21:29,528:                isok() ]: img/contract-confirm1.JPG not found
[WARNING:2019-09-25 21:21:30,676:                isok() ]: img/pay-gp.JPG not found
[WARNING:2019-09-25 21:21:31,808:                isok() ]: img/sure-pay.JPG not found
[WARNING:2019-09-25 21:21:32,942:                isok() ]: img/contracts-renewed.JPG not found
[WARNING:2019-09-25 21:21:34,084:                isok() ]: sign/scout.JPG not found
[WARNING:2019-09-25 21:21:35,182:                isok() ]: sign/sign-enter.JPG not found
[WARNING:2019-09-25 21:21:36,279:                isok() ]: sign/choose-slot.JPG not found
[WARNING:2019-09-25 21:21:37,389:                isok() ]: sign/no-scouts.JPG not found
[INFO:2019-09-25 21:21:40,592:                isok() ]: sign/five-star.JPG match found
[WARNING:2019-09-25 21:21:43,627:                isok() ]: sign/chosed-trainer.JPG not found
[WARNING:2019-09-25 21:21:44,755:                isok() ]: sign/sure.JPG not found
[WARNING:2019-09-25 21:21:45,896:                isok() ]: sign/skip.JPG not found
[WARNING:2019-09-25 21:21:47,036:                isok() ]: sign/confirm-player.JPG not found
[WARNING:2019-09-25 21:21:48,168:                isok() ]: sign/next.JPG not found
[WARNING:2019-09-25 21:21:49,297:                isok() ]: sign/added.JPG not found
[WARNING:2019-09-25 21:21:50,429:                isok() ]: sign/choose-slot.JPG not found
[WARNING:2019-09-25 21:21:51,528:                isok() ]: sign/sign-enter.JPG not found
[WARNING:2019-09-25 21:21:52,671:                isok() ]: sign/scout.JPG not found
[WARNING:2019-09-25 21:21:53,805:                isok() ]: img/club-house.JPG not found
[WARNING:2019-09-25 21:21:54,940:                isok() ]: sign/scout.JPG not found
[WARNING:2019-09-25 21:21:56,064:                isok() ]: sign/sign-enter.JPG not found
[WARNING:2019-09-25 21:21:57,200:                isok() ]: sign/sell-enter.JPG not found
[WARNING:2019-09-25 21:21:58,299:                isok() ]: sign/no-scouts-left.JPG not found
[WARNING:2019-09-25 21:21:59,448:                isok() ]: sign/unchecked.JPG not found
[WARNING:2019-09-25 21:22:00,531:                isok() ]: sign/last-checked.JPG not found
[WARNING:2019-09-25 21:22:01,672:                isok() ]: sign/confirm-sell.JPG not found
[INFO:2019-09-25 21:22:04,847:                isok() ]: sign/reward-received.JPG match found
[WARNING:2019-09-25 21:22:07,921:                isok() ]: sign/scout.JPG not found
[WARNING:2019-09-25 21:22:09,012:                isok() ]: conv/reserves.JPG not found
[WARNING:2019-09-25 21:22:10,158:                isok() ]: conv/white-ball.JPG not found
[WARNING:2019-09-25 21:22:11,287:                isok() ]: conv/bronze-ball.JPG not found
[WARNING:2019-09-25 21:22:12,429:                isok() ]: conv/reserves-list.JPG not found
[WARNING:2019-09-25 21:22:13,556:                isok() ]: conv/white-ball.JPG not found
[WARNING:2019-09-25 21:22:14,692:                isok() ]: conv/bronze-ball.JPG not found
[WARNING:2019-09-25 21:22:15,827:                isok() ]: conv/black-ball.JPG not found
[WARNING:2019-09-25 21:22:16,961:                isok() ]: conv/gold-ball.JPG not found
[WARNING:2019-09-25 21:22:18,096:                isok() ]: conv/black-ball.JPG not found
[WARNING:2019-09-25 21:22:19,241:                isok() ]: conv/player-menu.JPG not found
[WARNING:2019-09-25 21:22:20,327:                isok() ]: conv/convert.JPG not found
[WARNING:2019-09-25 21:22:21,464:                isok() ]: conv/no.JPG not found
[WARNING:2019-09-25 21:22:22,596:                isok() ]: conv/converted.JPG not found
[WARNING:2019-09-25 21:22:23,732:                isok() ]: sign/sign-enter.JPG not found
[INFO:2019-11-01 00:27:25,540:             makebkp() ]: There is settings and settings backup files. We can start playing
[INFO:2019-11-01 00:27:25,540:      initialize_pes() ]: eFootball PES 2020 has been launched, waiting for initialization
[INFO:2019-11-01 00:27:29,311:      initialize_pes() ]: Global app is initialized and PES2020.exe under PID 10624 can be used for reference
[WARNING:2019-11-01 00:27:30,372:                isok() ]: img/press-button.jpg not found
[INFO:2019-11-01 00:28:27,799:             makebkp() ]: There is settings and settings backup files. We can start playing
[INFO:2019-11-01 00:28:27,799:      initialize_pes() ]: eFootball PES 2020 has been launched, waiting for initialization
[INFO:2019-11-01 00:28:49,827:      initialize_pes() ]: Global app is initialized and PES2020.exe under PID 3636 can be used for reference
[WARNING:2019-11-01 00:28:50,886:                isok() ]: img/press-button.jpg not found
[INFO:2019-11-01 00:29:24,163:      initialize_pes() ]: PES2020.exe already running and initialized, we can proceed with scripts
[INFO:2019-11-01 00:29:27,750:                isok() ]: img/press-button.jpg match found
[WARNING:2019-11-01 00:29:31,109:                isok() ]: img/online-confirm.jpg not found
[WARNING:2019-11-01 00:29:32,424:                isok() ]: img/this-week-pick-up.JPG not found
[WARNING:2019-11-01 00:29:33,706:                isok() ]: img/game-screen.JPG not found
[WARNING:2019-11-01 00:29:34,992:                isok() ]: img/sure-start.JPG not found
[WARNING:2019-11-01 00:29:36,261:                isok() ]: img/live-update.JPG not found
[WARNING:2019-11-01 00:29:37,555:                isok() ]: img/featured-players.JPG not found
[WARNING:2019-11-01 00:29:38,831:                isok() ]: img/proceed-btn.JPG not found
[WARNING:2019-11-01 00:29:40,112:                isok() ]: img/no-new-updates.JPG not found
[WARNING:2019-11-01 00:29:41,434:                isok() ]: img/proceed-small.JPG not found
[WARNING:2019-11-01 00:29:42,682:                isok() ]: img/big-ok.JPG not found
[WARNING:2019-11-01 00:29:43,950:                isok() ]: img/squad-list.JPG not found
[WARNING:2019-11-01 00:29:45,243:                isok() ]: img/sim-game.JPG not found
[WARNING:2019-11-01 00:29:46,491:                isok() ]: img/kickoff.JPG not found
[WARNING:2019-11-01 00:29:47,740:                isok() ]: img/match-started.JPG not found
[WARNING:2019-11-01 00:29:49,018:                isok() ]: img/skip-graphic.JPG not found
[WARNING:2019-11-01 00:29:50,321:                isok() ]: img/second-half.JPG not found
[WARNING:2019-11-01 00:29:51,605:                isok() ]: img/highlights.JPG not found
[WARNING:2019-11-01 00:29:52,873:                isok() ]: img/experience.JPG not found
[WARNING:2019-11-01 00:29:54,116:                isok() ]: img/experience.JPG not found
[WARNING:2019-11-01 00:29:55,384:                isok() ]: img/levelup.JPG not found
[WARNING:2019-11-01 00:29:56,690:                isok() ]: img/rating.JPG not found
[WARNING:2019-11-01 00:29:57,928:                isok() ]: img/contract-confirm1.JPG not found
[WARNING:2019-11-01 00:29:59,172:                isok() ]: img/contract-manager-upd.JPG not found
[WARNING:2019-11-01 00:30:00,487:                isok() ]: img/contract-confirm1.JPG not found
[WARNING:2019-11-01 00:30:01,751:                isok() ]: img/pay-gp.JPG not found
[WARNING:2019-11-01 00:30:03,016:                isok() ]: img/sure-pay.JPG not found
[WARNING:2019-11-01 00:30:04,321:                isok() ]: img/contracts-renewed.JPG not found
[WARNING:2019-11-01 00:30:05,558:                isok() ]: sign/scout.JPG not found
[WARNING:2019-11-01 00:30:06,830:                isok() ]: sign/sign-enter.JPG not found
[WARNING:2019-11-01 00:30:08,125:                isok() ]: sign/choose-slot.JPG not found
[WARNING:2019-11-01 00:30:09,379:                isok() ]: sign/no-scouts.JPG not found
[WARNING:2019-11-01 00:30:10,644:                isok() ]: sign/confirm.JPG not found
[WARNING:2019-11-01 00:30:11,961:                isok() ]: sign/chosed-trainer.JPG not found
[WARNING:2019-11-01 00:30:13,326:                isok() ]: sign/sure.JPG not found
[WARNING:2019-11-01 00:30:14,681:                isok() ]: sign/skip.JPG not found
[WARNING:2019-11-01 00:30:15,952:                isok() ]: sign/confirm-player.JPG not found
[WARNING:2019-11-01 00:30:17,270:                isok() ]: sign/next.JPG not found
[WARNING:2019-11-01 00:30:18,564:                isok() ]: sign/added.JPG not found
[WARNING:2019-11-01 00:30:19,828:                isok() ]: sign/choose-slot.JPG not found
[WARNING:2019-11-01 00:30:21,128:                isok() ]: sign/sign-enter.JPG not found
[WARNING:2019-11-01 00:30:22,393:                isok() ]: sign/scout.JPG not found
[WARNING:2019-11-01 00:30:23,681:                isok() ]: img/club-house.JPG not found
[WARNING:2019-11-01 00:30:24,943:                isok() ]: sign/scout.JPG not found
[WARNING:2019-11-01 00:30:26,231:                isok() ]: sign/sign-enter.JPG not found
[WARNING:2019-11-01 00:30:27,501:                isok() ]: sign/sell-enter.JPG not found
[WARNING:2019-11-01 00:30:28,767:                isok() ]: sign/no-scouts-left.JPG not found
[WARNING:2019-11-01 00:30:30,018:                isok() ]: sign/unchecked.JPG not found
[WARNING:2019-11-01 00:30:31,295:                isok() ]: sign/last-checked.JPG not found
[WARNING:2019-11-01 00:30:32,587:                isok() ]: sign/confirm-sell.JPG not found
[WARNING:2019-11-01 00:30:33,922:                isok() ]: sign/no-scouts-left.JPG not found
[WARNING:2019-11-01 00:30:35,174:                isok() ]: sign/scout.JPG not found
[WARNING:2019-11-01 00:30:36,455:                isok() ]: conv/reserves.JPG not found
[WARNING:2019-11-01 00:30:37,777:                isok() ]: conv/white-ball.JPG not found
[WARNING:2019-11-01 00:30:39,039:                isok() ]: conv/bronze-ball.JPG not found
[WARNING:2019-11-01 00:30:40,314:                isok() ]: conv/reserves-list.JPG not found
[WARNING:2019-11-01 00:30:41,614:                isok() ]: conv/white-ball.JPG not found
[WARNING:2019-11-01 00:30:42,938:                isok() ]: conv/bronze-ball.JPG not found
[WARNING:2019-11-01 00:30:44,214:                isok() ]: conv/black-ball.JPG not found
[WARNING:2019-11-01 00:30:45,485:                isok() ]: conv/gold-ball.JPG not found
[WARNING:2019-11-01 00:30:46,735:                isok() ]: conv/black-ball.JPG not found
[WARNING:2019-11-01 00:30:47,999:                isok() ]: conv/player-menu.JPG not found
[WARNING:2019-11-01 00:30:49,238:                isok() ]: conv/convert.JPG not found
[WARNING:2019-11-01 00:30:50,503:                isok() ]: conv/no.JPG not found
[WARNING:2019-11-01 00:30:51,833:                isok() ]: conv/converted.JPG not found
[WARNING:2019-11-01 00:30:53,113:                isok() ]: sign/sign-enter.JPG not found
[INFO:2019-11-01 00:37:20,952:      initialize_pes() ]: PES2020.exe already running and initialized, we can proceed with scripts
[WARNING:2019-11-01 00:37:21,720:                isok() ]: img/club-house.JPG not found
[WARNING:2019-11-01 00:37:22,415:                isok() ]: img/online-confirm.jpg not found
[INFO:2019-11-01 00:37:25,951:                isok() ]: img/this-week-pick-up.JPG match found
[WARNING:2019-11-01 00:37:28,915:                isok() ]: img/sure-start.JPG not found
[WARNING:2019-11-01 00:37:29,815:                isok() ]: img/live-update.JPG not found
[WARNING:2019-11-01 00:37:30,559:                isok() ]: img/featured-players.JPG not found
[WARNING:2019-11-01 00:37:31,316:                isok() ]: img/proceed-btn.JPG not found
[WARNING:2019-11-01 00:37:32,042:                isok() ]: img/no-new-updates.JPG not found
[WARNING:2019-11-01 00:37:32,785:                isok() ]: img/proceed-small.JPG not found
[WARNING:2019-11-01 00:37:33,470:                isok() ]: img/big-ok.JPG not found
[WARNING:2019-11-01 00:37:34,208:                isok() ]: img/squad-list.JPG not found
[WARNING:2019-11-01 00:37:34,929:                isok() ]: img/sim-game.JPG not found
[WARNING:2019-11-01 00:37:35,682:                isok() ]: img/kickoff.JPG not found
[WARNING:2019-11-01 00:37:36,406:                isok() ]: img/match-started.JPG not found
[WARNING:2019-11-01 00:37:37,132:                isok() ]: img/skip-graphic.JPG not found
[WARNING:2019-11-01 00:37:37,845:                isok() ]: img/second-half.JPG not found
[WARNING:2019-11-01 00:37:38,614:                isok() ]: img/highlights.JPG not found
[WARNING:2019-11-01 00:37:39,344:                isok() ]: img/experience.JPG not found
[WARNING:2019-11-01 00:37:40,070:                isok() ]: img/experience.JPG not found
[WARNING:2019-11-01 00:37:40,799:                isok() ]: img/levelup.JPG not found
[WARNING:2019-11-01 00:37:41,526:                isok() ]: img/rating.JPG not found
[WARNING:2019-11-01 00:37:42,295:                isok() ]: img/contract-confirm1.JPG not found
[WARNING:2019-11-01 00:37:43,054:                isok() ]: img/contract-manager-upd.JPG not found
[WARNING:2019-11-01 00:37:43,810:                isok() ]: img/contract-confirm1.JPG not found
[WARNING:2019-11-01 00:37:44,528:                isok() ]: img/pay-gp.JPG not found
[WARNING:2019-11-01 00:37:45,253:                isok() ]: img/sure-pay.JPG not found
[WARNING:2019-11-01 00:37:45,997:                isok() ]: img/contracts-renewed.JPG not found
[WARNING:2019-11-01 00:37:46,735:                isok() ]: sign/scout.JPG not found
[WARNING:2019-11-01 00:37:47,395:                isok() ]: sign/sign-enter.JPG not found
[WARNING:2019-11-01 00:37:48,086:                isok() ]: sign/choose-slot.JPG not found
[WARNING:2019-11-01 00:37:48,840:                isok() ]: sign/no-scouts.JPG not found
[WARNING:2019-11-01 00:37:49,485:                isok() ]: sign/confirm.JPG not found
[WARNING:2019-11-01 00:37:50,163:                isok() ]: sign/chosed-trainer.JPG not found
[WARNING:2019-11-01 00:37:50,856:                isok() ]: sign/sure.JPG not found
[WARNING:2019-11-01 00:37:51,555:                isok() ]: sign/skip.JPG not found
[WARNING:2019-11-01 00:37:52,248:                isok() ]: sign/confirm-player.JPG not found
[WARNING:2019-11-01 00:37:52,933:                isok() ]: sign/next.JPG not found
[WARNING:2019-11-01 00:37:53,629:                isok() ]: sign/added.JPG not found
[WARNING:2019-11-01 00:37:54,273:                isok() ]: sign/choose-slot.JPG not found
[WARNING:2019-11-01 00:37:54,963:                isok() ]: sign/sign-enter.JPG not found
[WARNING:2019-11-01 00:37:55,677:                isok() ]: sign/scout.JPG not found
[WARNING:2019-11-01 00:37:56,338:                isok() ]: img/club-house.JPG not found
[WARNING:2019-11-01 00:37:57,053:                isok() ]: sign/scout.JPG not found
[WARNING:2019-11-01 00:37:57,727:                isok() ]: sign/sign-enter.JPG not found
[WARNING:2019-11-01 00:37:58,395:                isok() ]: sign/sell-enter.JPG not found
[WARNING:2019-11-01 00:37:59,095:                isok() ]: sign/no-scouts-left.JPG not found
[WARNING:2019-11-01 00:37:59,750:                isok() ]: sign/unchecked.JPG not found
[WARNING:2019-11-01 00:38:00,427:                isok() ]: sign/last-checked.JPG not found
[WARNING:2019-11-01 00:38:01,097:                isok() ]: sign/confirm-sell.JPG not found
[WARNING:2019-11-01 00:38:01,755:                isok() ]: sign/no-scouts-left.JPG not found
[WARNING:2019-11-01 00:38:02,421:                isok() ]: sign/scout.JPG not found
[WARNING:2019-11-01 00:38:03,073:                isok() ]: conv/reserves.JPG not found
[WARNING:2019-11-01 00:38:03,765:                isok() ]: conv/white-ball.JPG not found
[WARNING:2019-11-01 00:38:04,425:                isok() ]: conv/bronze-ball.JPG not found
[WARNING:2019-11-01 00:38:05,083:                isok() ]: conv/reserves-list.JPG not found
[WARNING:2019-11-01 00:38:05,772:                isok() ]: conv/white-ball.JPG not found
[WARNING:2019-11-01 00:38:06,438:                isok() ]: conv/bronze-ball.JPG not found
[WARNING:2019-11-01 00:38:07,106:                isok() ]: conv/black-ball.JPG not found
[WARNING:2019-11-01 00:38:07,762:                isok() ]: conv/gold-ball.JPG not found
[WARNING:2019-11-01 00:38:08,419:                isok() ]: conv/black-ball.JPG not found
[WARNING:2019-11-01 00:38:09,098:                isok() ]: conv/player-menu.JPG not found
[WARNING:2019-11-01 00:38:09,759:                isok() ]: conv/convert.JPG not found
[WARNING:2019-11-01 00:38:10,479:                isok() ]: conv/no.JPG not found
[WARNING:2019-11-01 00:38:11,153:                isok() ]: conv/converted.JPG not found
[WARNING:2019-11-01 00:38:11,861:                isok() ]: sign/sign-enter.JPG not found
[INFO:2019-11-01 00:39:04,203:      initialize_pes() ]: PES2020.exe already running and initialized, we can proceed with scripts
[WARNING:2019-11-01 00:39:04,929:                isok() ]: img/club-house.JPG not found
[WARNING:2019-11-01 00:39:05,588:                isok() ]: img/online-confirm.jpg not found
[WARNING:2019-11-01 00:39:06,243:                isok() ]: img/game-screen.JPG not found
[WARNING:2019-11-01 00:39:06,902:                isok() ]: img/sure-start.JPG not found
[WARNING:2019-11-01 00:39:07,568:                isok() ]: img/live-update.JPG not found
[WARNING:2019-11-01 00:39:08,227:                isok() ]: img/featured-players.JPG not found
[WARNING:2019-11-01 00:39:08,915:                isok() ]: img/proceed-btn.JPG not found
[WARNING:2019-11-01 00:39:09,593:                isok() ]: img/no-new-updates.JPG not found
[WARNING:2019-11-01 00:39:10,304:                isok() ]: img/proceed-small.JPG not found
[WARNING:2019-11-01 00:39:10,969:                isok() ]: img/big-ok.JPG not found
[WARNING:2019-11-01 00:39:11,675:                isok() ]: img/squad-list.JPG not found
[WARNING:2019-11-01 00:39:12,339:                isok() ]: img/sim-game.JPG not found
[WARNING:2019-11-01 00:39:12,998:                isok() ]: img/kickoff.JPG not found
[WARNING:2019-11-01 00:39:13,703:                isok() ]: img/match-started.JPG not found
[WARNING:2019-11-01 00:39:14,408:                isok() ]: img/skip-graphic.JPG not found
[WARNING:2019-11-01 00:39:15,078:                isok() ]: img/second-half.JPG not found
[WARNING:2019-11-01 00:39:15,757:                isok() ]: img/highlights.JPG not found
[WARNING:2019-11-01 00:39:16,460:                isok() ]: img/experience.JPG not found
[WARNING:2019-11-01 00:39:17,139:                isok() ]: img/experience.JPG not found
[WARNING:2019-11-01 00:39:17,797:                isok() ]: img/levelup.JPG not found
[WARNING:2019-11-01 00:39:18,499:                isok() ]: img/rating.JPG not found
[WARNING:2019-11-01 00:39:19,171:                isok() ]: img/contract-confirm1.JPG not found
[WARNING:2019-11-01 00:39:19,846:                isok() ]: img/contract-manager-upd.JPG not found
[WARNING:2019-11-01 00:39:20,510:                isok() ]: img/contract-confirm1.JPG not found
[WARNING:2019-11-01 00:39:21,215:                isok() ]: img/pay-gp.JPG not found
[WARNING:2019-11-01 00:39:21,869:                isok() ]: img/sure-pay.JPG not found
[WARNING:2019-11-01 00:39:22,531:                isok() ]: img/contracts-renewed.JPG not found
[WARNING:2019-11-01 00:39:23,202:                isok() ]: sign/scout.JPG not found
[WARNING:2019-11-01 00:39:23,897:                isok() ]: sign/sign-enter.JPG not found
[WARNING:2019-11-01 00:39:24,555:                isok() ]: sign/choose-slot.JPG not found
[WARNING:2019-11-01 00:39:25,232:                isok() ]: sign/no-scouts.JPG not found
[WARNING:2019-11-01 00:39:25,888:                isok() ]: sign/confirm.JPG not found
[WARNING:2019-11-01 00:39:26,602:                isok() ]: sign/chosed-trainer.JPG not found
[WARNING:2019-11-01 00:39:27,295:                isok() ]: sign/sure.JPG not found
[WARNING:2019-11-01 00:39:27,981:                isok() ]: sign/skip.JPG not found
[WARNING:2019-11-01 00:39:28,662:                isok() ]: sign/confirm-player.JPG not found
[WARNING:2019-11-01 00:39:29,339:                isok() ]: sign/next.JPG not found
[WARNING:2019-11-01 00:39:29,999:                isok() ]: sign/added.JPG not found
[WARNING:2019-11-01 00:39:30,679:                isok() ]: sign/choose-slot.JPG not found
[WARNING:2019-11-01 00:39:31,373:                isok() ]: sign/sign-enter.JPG not found
[WARNING:2019-11-01 00:39:32,027:                isok() ]: sign/scout.JPG not found
[WARNING:2019-11-01 00:39:32,910:                isok() ]: img/club-house.JPG not found
[WARNING:2019-11-01 00:39:33,624:                isok() ]: sign/scout.JPG not found
[WARNING:2019-11-01 00:39:34,301:                isok() ]: sign/sign-enter.JPG not found
[WARNING:2019-11-01 00:39:35,014:                isok() ]: sign/sell-enter.JPG not found
[WARNING:2019-11-01 00:39:35,727:                isok() ]: sign/no-scouts-left.JPG not found
[WARNING:2019-11-01 00:39:36,435:                isok() ]: sign/unchecked.JPG not found
[WARNING:2019-11-01 00:39:37,084:                isok() ]: sign/last-checked.JPG not found
[WARNING:2019-11-01 00:39:37,789:                isok() ]: sign/confirm-sell.JPG not found
[WARNING:2019-11-01 00:39:38,446:                isok() ]: sign/no-scouts-left.JPG not found
[WARNING:2019-11-01 00:39:39,176:                isok() ]: sign/scout.JPG not found
[WARNING:2019-11-01 00:39:40,051:                isok() ]: conv/reserves.JPG not found
[WARNING:2019-11-01 00:39:40,960:                isok() ]: conv/white-ball.JPG not found
[WARNING:2019-11-01 00:39:41,646:                isok() ]: conv/bronze-ball.JPG not found
[WARNING:2019-11-01 00:39:42,316:                isok() ]: conv/reserves-list.JPG not found
[WARNING:2019-11-01 00:39:42,996:                isok() ]: conv/white-ball.JPG not found
[WARNING:2019-11-01 00:39:43,686:                isok() ]: conv/bronze-ball.JPG not found
[WARNING:2019-11-01 00:39:44,398:                isok() ]: conv/black-ball.JPG not found
[WARNING:2019-11-01 00:39:45,104:                isok() ]: conv/gold-ball.JPG not found
[WARNING:2019-11-01 00:39:45,768:                isok() ]: conv/black-ball.JPG not found
[WARNING:2019-11-01 00:39:46,490:                isok() ]: conv/player-menu.JPG not found
[WARNING:2019-11-01 00:39:47,188:                isok() ]: conv/convert.JPG not found
[WARNING:2019-11-01 00:39:47,850:                isok() ]: conv/no.JPG not found
[WARNING:2019-11-01 00:39:48,513:                isok() ]: conv/converted.JPG not found
[WARNING:2019-11-01 00:39:49,217:                isok() ]: sign/sign-enter.JPG not found
[INFO:2019-11-01 00:42:24,291:      initialize_pes() ]: PES2020.exe already running and initialized, we can proceed with scripts
[WARNING:2019-11-01 00:42:25,027:                isok() ]: img/club-house.JPG not found
[WARNING:2019-11-01 00:42:25,697:                isok() ]: img/online-confirm.jpg not found
[WARNING:2019-11-01 00:42:26,379:                isok() ]: img/game-screen.JPG not found
[WARNING:2019-11-01 00:42:27,113:                isok() ]: img/sure-start.JPG not found
[WARNING:2019-11-01 00:42:27,824:                isok() ]: img/live-update.JPG not found
[WARNING:2019-11-01 00:42:28,511:                isok() ]: img/featured-players.JPG not found
[WARNING:2019-11-01 00:42:29,156:                isok() ]: img/proceed-btn.JPG not found
[WARNING:2019-11-01 00:42:29,864:                isok() ]: img/no-new-updates.JPG not found
[WARNING:2019-11-01 00:42:30,534:                isok() ]: img/proceed-small.JPG not found
[WARNING:2019-11-01 00:42:31,241:                isok() ]: img/big-ok.JPG not found
[WARNING:2019-11-01 00:42:31,956:                isok() ]: img/squad-list.JPG not found
[WARNING:2019-11-01 00:42:32,664:                isok() ]: img/sim-game.JPG not found
[WARNING:2019-11-01 00:42:33,361:                isok() ]: img/kickoff.JPG not found
[WARNING:2019-11-01 00:42:34,022:                isok() ]: img/match-started.JPG not found
[WARNING:2019-11-01 00:42:34,695:                isok() ]: img/skip-graphic.JPG not found
[WARNING:2019-11-01 00:42:35,333:                isok() ]: img/second-half.JPG not found
[WARNING:2019-11-01 00:42:35,998:                isok() ]: img/highlights.JPG not found
[WARNING:2019-11-01 00:42:36,669:                isok() ]: img/experience.JPG not found
[WARNING:2019-11-01 00:42:37,317:                isok() ]: img/experience.JPG not found
[WARNING:2019-11-01 00:42:38,019:                isok() ]: img/levelup.JPG not found
[WARNING:2019-11-01 00:42:38,686:                isok() ]: img/rating.JPG not found
[WARNING:2019-11-01 00:42:39,365:                isok() ]: img/contract-confirm1.JPG not found
[WARNING:2019-11-01 00:42:40,046:                isok() ]: img/contract-manager-upd.JPG not found
[WARNING:2019-11-01 00:42:40,692:                isok() ]: img/contract-confirm1.JPG not found
[WARNING:2019-11-01 00:42:41,364:                isok() ]: img/pay-gp.JPG not found
[WARNING:2019-11-01 00:42:42,027:                isok() ]: img/sure-pay.JPG not found
[WARNING:2019-11-01 00:42:42,709:                isok() ]: img/contracts-renewed.JPG not found
[WARNING:2019-11-01 00:42:43,377:                isok() ]: sign/scout.JPG not found
[WARNING:2019-11-01 00:42:44,040:                isok() ]: sign/sign-enter.JPG not found
[WARNING:2019-11-01 00:42:44,700:                isok() ]: sign/choose-slot.JPG not found
[WARNING:2019-11-01 00:42:45,379:                isok() ]: sign/no-scouts.JPG not found
[WARNING:2019-11-01 00:42:46,082:                isok() ]: sign/confirm.JPG not found
[WARNING:2019-11-01 00:42:46,830:                isok() ]: sign/chosed-trainer.JPG not found
[WARNING:2019-11-01 00:42:47,601:                isok() ]: sign/sure.JPG not found
[WARNING:2019-11-01 00:42:48,336:                isok() ]: sign/skip.JPG not found
[WARNING:2019-11-01 00:42:49,101:                isok() ]: sign/confirm-player.JPG not found
[WARNING:2019-11-01 00:42:49,804:                isok() ]: sign/next.JPG not found
[WARNING:2019-11-01 00:42:50,491:                isok() ]: sign/added.JPG not found
[WARNING:2019-11-01 00:42:51,230:                isok() ]: sign/choose-slot.JPG not found
[WARNING:2019-11-01 00:42:51,999:                isok() ]: sign/sign-enter.JPG not found
[WARNING:2019-11-01 00:42:52,692:                isok() ]: sign/scout.JPG not found
[WARNING:2019-11-01 00:42:53,437:                isok() ]: img/club-house.JPG not found
[WARNING:2019-11-01 00:42:54,151:                isok() ]: sign/scout.JPG not found
[WARNING:2019-11-01 00:42:54,872:                isok() ]: sign/sign-enter.JPG not found
[WARNING:2019-11-01 00:42:55,649:                isok() ]: sign/sell-enter.JPG not found
[WARNING:2019-11-01 00:42:56,374:                isok() ]: sign/no-scouts-left.JPG not found
[WARNING:2019-11-01 00:42:57,058:                isok() ]: sign/unchecked.JPG not found
[WARNING:2019-11-01 00:42:57,750:                isok() ]: sign/last-checked.JPG not found
[WARNING:2019-11-01 00:42:58,415:                isok() ]: sign/confirm-sell.JPG not found
[WARNING:2019-11-01 00:42:59,123:                isok() ]: sign/no-scouts-left.JPG not found
[WARNING:2019-11-01 00:42:59,787:                isok() ]: sign/scout.JPG not found
[WARNING:2019-11-01 00:43:00,517:                isok() ]: conv/reserves.JPG not found
[WARNING:2019-11-01 00:43:01,205:                isok() ]: conv/white-ball.JPG not found
[WARNING:2019-11-01 00:43:01,914:                isok() ]: conv/bronze-ball.JPG not found
[WARNING:2019-11-01 00:43:02,567:                isok() ]: conv/reserves-list.JPG not found
[WARNING:2019-11-01 00:43:03,255:                isok() ]: conv/white-ball.JPG not found
[WARNING:2019-11-01 00:43:03,917:                isok() ]: conv/bronze-ball.JPG not found
[WARNING:2019-11-01 00:43:04,634:                isok() ]: conv/black-ball.JPG not found
[WARNING:2019-11-01 00:43:05,349:                isok() ]: conv/gold-ball.JPG not found
[WARNING:2019-11-01 00:43:05,996:                isok() ]: conv/black-ball.JPG not found
[WARNING:2019-11-01 00:43:06,642:                isok() ]: conv/player-menu.JPG not found
[WARNING:2019-11-01 00:43:07,286:                isok() ]: conv/convert.JPG not found
[WARNING:2019-11-01 00:43:07,986:                isok() ]: conv/no.JPG not found
[WARNING:2019-11-01 00:43:08,669:                isok() ]: conv/converted.JPG not found
[WARNING:2019-11-01 00:43:09,327:                isok() ]: sign/sign-enter.JPG not found
[INFO:2019-11-01 00:43:22,735:      initialize_pes() ]: PES2020.exe already running and initialized, we can proceed with scripts
[WARNING:2019-11-01 00:43:23,485:                isok() ]: img/club-house.JPG not found
[WARNING:2019-11-01 00:43:24,134:                isok() ]: img/online-confirm.jpg not found
[WARNING:2019-11-01 00:43:24,787:                isok() ]: img/game-screen.JPG not found
[INFO:2019-11-01 00:43:28,338:                isok() ]: img/sure-start.JPG match found
[WARNING:2019-11-01 00:43:31,158:                isok() ]: img/featured-players.JPG not found
[WARNING:2019-11-01 00:43:31,808:                isok() ]: img/proceed-btn.JPG not found
[WARNING:2019-11-01 00:43:32,514:                isok() ]: img/no-new-updates.JPG not found
[WARNING:2019-11-01 00:43:33,243:                isok() ]: img/proceed-small.JPG not found
[WARNING:2019-11-01 00:43:33,896:                isok() ]: img/big-ok.JPG not found
[WARNING:2019-11-01 00:43:34,598:                isok() ]: img/squad-list.JPG not found
[WARNING:2019-11-01 00:43:35,289:                isok() ]: img/sim-game.JPG not found
[WARNING:2019-11-01 00:43:35,962:                isok() ]: img/kickoff.JPG not found
[WARNING:2019-11-01 00:43:36,610:                isok() ]: img/match-started.JPG not found
[WARNING:2019-11-01 00:43:37,282:                isok() ]: img/skip-graphic.JPG not found
[WARNING:2019-11-01 00:43:37,936:                isok() ]: img/second-half.JPG not found
[WARNING:2019-11-01 00:43:38,654:                isok() ]: img/highlights.JPG not found
[WARNING:2019-11-01 00:43:39,305:                isok() ]: img/experience.JPG not found
[WARNING:2019-11-01 00:43:40,046:                isok() ]: img/experience.JPG not found
[WARNING:2019-11-01 00:43:40,695:                isok() ]: img/levelup.JPG not found
[WARNING:2019-11-01 00:43:41,387:                isok() ]: img/rating.JPG not found
[WARNING:2019-11-01 00:43:42,050:                isok() ]: img/contract-confirm1.JPG not found
[WARNING:2019-11-01 00:43:42,745:                isok() ]: img/contract-manager-upd.JPG not found
[WARNING:2019-11-01 00:43:43,435:                isok() ]: img/contract-confirm1.JPG not found
[WARNING:2019-11-01 00:43:44,100:                isok() ]: img/pay-gp.JPG not found
[WARNING:2019-11-01 00:43:44,784:                isok() ]: img/sure-pay.JPG not found
[WARNING:2019-11-01 00:43:45,446:                isok() ]: img/contracts-renewed.JPG not found
[WARNING:2019-11-01 00:43:46,114:                isok() ]: sign/scout.JPG not found
[WARNING:2019-11-01 00:43:46,830:                isok() ]: sign/sign-enter.JPG not found
[WARNING:2019-11-01 00:43:47,567:                isok() ]: sign/choose-slot.JPG not found
[WARNING:2019-11-01 00:43:48,270:                isok() ]: sign/no-scouts.JPG not found
[WARNING:2019-11-01 00:43:48,984:                isok() ]: sign/confirm.JPG not found
[WARNING:2019-11-01 00:43:49,670:                isok() ]: sign/chosed-trainer.JPG not found
[WARNING:2019-11-01 00:43:50,474:                isok() ]: sign/sure.JPG not found
[WARNING:2019-11-01 00:43:51,280:                isok() ]: sign/skip.JPG not found
[WARNING:2019-11-01 00:43:51,960:                isok() ]: sign/confirm-player.JPG not found
[WARNING:2019-11-01 00:43:52,637:                isok() ]: sign/next.JPG not found
[WARNING:2019-11-01 00:43:53,382:                isok() ]: sign/added.JPG not found
[WARNING:2019-11-01 00:43:54,038:                isok() ]: sign/choose-slot.JPG not found
[WARNING:2019-11-01 00:43:54,759:                isok() ]: sign/sign-enter.JPG not found
[WARNING:2019-11-01 00:43:55,491:                isok() ]: sign/scout.JPG not found
[WARNING:2019-11-01 00:43:56,162:                isok() ]: img/club-house.JPG not found
[WARNING:2019-11-01 00:43:56,886:                isok() ]: sign/scout.JPG not found
[WARNING:2019-11-01 00:43:57,542:                isok() ]: sign/sign-enter.JPG not found
[WARNING:2019-11-01 00:43:58,188:                isok() ]: sign/sell-enter.JPG not found
[WARNING:2019-11-01 00:43:58,889:                isok() ]: sign/no-scouts-left.JPG not found
[WARNING:2019-11-01 00:43:59,544:                isok() ]: sign/unchecked.JPG not found
[WARNING:2019-11-01 00:44:00,201:                isok() ]: sign/last-checked.JPG not found
[WARNING:2019-11-01 00:44:00,888:                isok() ]: sign/confirm-sell.JPG not found
[WARNING:2019-11-01 00:44:01,577:                isok() ]: sign/no-scouts-left.JPG not found
[WARNING:2019-11-01 00:44:02,346:                isok() ]: sign/scout.JPG not found
[WARNING:2019-11-01 00:44:03,103:                isok() ]: conv/reserves.JPG not found
[WARNING:2019-11-01 00:44:03,819:                isok() ]: conv/white-ball.JPG not found
[WARNING:2019-11-01 00:44:04,477:                isok() ]: conv/bronze-ball.JPG not found
[WARNING:2019-11-01 00:44:05,149:                isok() ]: conv/reserves-list.JPG not found
[WARNING:2019-11-01 00:44:05,805:                isok() ]: conv/white-ball.JPG not found
[WARNING:2019-11-01 00:44:06,449:                isok() ]: conv/bronze-ball.JPG not found
[WARNING:2019-11-01 00:44:07,232:                isok() ]: conv/black-ball.JPG not found
[WARNING:2019-11-01 00:44:07,937:                isok() ]: conv/gold-ball.JPG not found
[WARNING:2019-11-01 00:44:08,706:                isok() ]: conv/black-ball.JPG not found
[WARNING:2019-11-01 00:44:09,381:                isok() ]: conv/player-menu.JPG not found
[WARNING:2019-11-01 00:44:10,080:                isok() ]: conv/convert.JPG not found
[WARNING:2019-11-01 00:44:10,742:                isok() ]: conv/no.JPG not found
[WARNING:2019-11-01 00:44:11,466:                isok() ]: conv/converted.JPG not found
[WARNING:2019-11-01 00:44:12,203:                isok() ]: sign/sign-enter.JPG not found
[INFO:2019-11-01 00:47:02,097:      initialize_pes() ]: PES2020.exe already running and initialized, we can proceed with scripts
[WARNING:2019-11-01 00:47:02,870:                isok() ]: img/club-house.JPG not found
[WARNING:2019-11-01 00:47:03,548:                isok() ]: img/online-confirm.jpg not found
[INFO:2019-11-01 00:47:07,102:                isok() ]: img/game-screen.JPG match found
[INFO:2019-11-01 00:50:17,676:      initialize_pes() ]: PES2020.exe already running and initialized, we can proceed with scripts
[WARNING:2019-11-01 00:50:18,409:                isok() ]: img/club-house.JPG not found
[WARNING:2019-11-01 00:50:19,112:                isok() ]: img/online-confirm.jpg not found
[INFO:2019-11-01 00:50:20,488:                isok() ]: img/game-screen.JPG MATCH FOUND +++++++++++++++++++++++++++++++++++++++++++++++++++++++++++++
[INFO:2019-11-01 00:51:24,737:      initialize_pes() ]: PES2020.exe already running and initialized, we can proceed with scripts
[WARNING:2019-11-01 00:51:25,549:                isok() ]: img/club-house.JPG not found
[WARNING:2019-11-01 00:51:26,289:                isok() ]: img/online-confirm.jpg not found
[INFO:2019-11-01 00:51:29,880:                isok() ]: img/game-screen.JPG MATCH FOUND +++++++++++++++++++++++++++++++++++++++++++++++++++++++++++++
[INFO:2019-11-01 00:52:19,735:      initialize_pes() ]: PES2020.exe already running and initialized, we can proceed with scripts
[WARNING:2019-11-01 00:52:20,497:                isok() ]: img/club-house.JPG not found
[WARNING:2019-11-01 00:52:21,162:                isok() ]: img/online-confirm.jpg not found
[INFO:2019-11-01 00:52:24,737:                isok() ]: img/game-screen.JPG MATCH FOUND +++++++++++++++++++++++++++++++++++++++++++++++++++++++++++++
[WARNING:2019-11-01 00:52:26,139:                isok() ]: img/featured-players.JPG not found
[WARNING:2019-11-01 00:52:26,797:                isok() ]: img/proceed-btn.JPG not found
[WARNING:2019-11-01 00:52:27,513:                isok() ]: img/no-new-updates.JPG not found
[WARNING:2019-11-01 00:52:28,265:                isok() ]: img/proceed-small.JPG not found
[WARNING:2019-11-01 00:52:28,925:                isok() ]: img/big-ok.JPG not found
[WARNING:2019-11-01 00:52:29,651:                isok() ]: img/squad-list.JPG not found
[WARNING:2019-11-01 00:52:30,319:                isok() ]: img/sim-game.JPG not found
[WARNING:2019-11-01 00:52:31,013:                isok() ]: img/kickoff.JPG not found
[WARNING:2019-11-01 00:52:31,708:                isok() ]: img/match-started.JPG not found
[WARNING:2019-11-01 00:52:32,407:                isok() ]: img/skip-graphic.JPG not found
[WARNING:2019-11-01 00:52:33,084:                isok() ]: img/second-half.JPG not found
[WARNING:2019-11-01 00:52:33,772:                isok() ]: img/highlights.JPG not found
[WARNING:2019-11-01 00:52:34,452:                isok() ]: img/experience.JPG not found
[WARNING:2019-11-01 00:52:35,101:                isok() ]: img/experience.JPG not found
[WARNING:2019-11-01 00:52:35,772:                isok() ]: img/levelup.JPG not found
[WARNING:2019-11-01 00:52:36,526:                isok() ]: img/rating.JPG not found
[WARNING:2019-11-01 00:52:37,199:                isok() ]: img/contract-confirm1.JPG not found
[WARNING:2019-11-01 00:52:37,879:                isok() ]: img/contract-manager-upd.JPG not found
[WARNING:2019-11-01 00:52:38,557:                isok() ]: img/contract-confirm1.JPG not found
[WARNING:2019-11-01 00:52:39,257:                isok() ]: img/pay-gp.JPG not found
[WARNING:2019-11-01 00:52:39,919:                isok() ]: img/sure-pay.JPG not found
[WARNING:2019-11-01 00:52:40,634:                isok() ]: img/contracts-renewed.JPG not found
[WARNING:2019-11-01 00:52:41,306:                isok() ]: sign/scout.JPG not found
[WARNING:2019-11-01 00:52:42,048:                isok() ]: sign/sign-enter.JPG not found
[WARNING:2019-11-01 00:52:42,786:                isok() ]: sign/choose-slot.JPG not found
[WARNING:2019-11-01 00:52:43,495:                isok() ]: sign/no-scouts.JPG not found
[WARNING:2019-11-01 00:52:44,164:                isok() ]: sign/confirm.JPG not found
[WARNING:2019-11-01 00:52:44,827:                isok() ]: sign/chosed-trainer.JPG not found
[WARNING:2019-11-01 00:52:45,534:                isok() ]: sign/sure.JPG not found
[WARNING:2019-11-01 00:52:46,203:                isok() ]: sign/skip.JPG not found
[INFO:2019-11-01 00:52:49,769:                isok() ]: sign/confirm-player.JPG MATCH FOUND +++++++++++++++++++++++++++++++++++++++++++++++++++++++++++++
[INFO:2019-11-01 00:58:35,812:      initialize_pes() ]: PES2020.exe already running and initialized, we can proceed with scripts
[WARNING:2019-11-01 00:58:36,613:                isok() ]: img/club-house.JPG not found
[WARNING:2019-11-01 00:58:37,288:                isok() ]: img/online-confirm.jpg not found
[INFO:2019-11-01 00:58:40,822:                isok() ]: img/live-update.JPG MATCH FOUND +++++++++++++++++++++++++++++++++++++++++++++++++++++++++++++
[WARNING:2019-11-01 00:58:43,549:                isok() ]: img/proceed-btn.JPG not found
[WARNING:2019-11-01 00:58:44,201:                isok() ]: img/no-new-updates.JPG not found
[WARNING:2019-11-01 00:58:44,901:                isok() ]: img/proceed-small.JPG not found
[WARNING:2019-11-01 00:58:45,557:                isok() ]: img/big-ok.JPG not found
[WARNING:2019-11-01 00:58:46,213:                isok() ]: img/squad-list.JPG not found
[WARNING:2019-11-01 00:58:46,906:                isok() ]: img/sim-game.JPG not found
[WARNING:2019-11-01 00:58:47,522:                isok() ]: img/kickoff.JPG not found
[WARNING:2019-11-01 00:58:48,165:                isok() ]: img/match-started.JPG not found
[WARNING:2019-11-01 00:58:48,818:                isok() ]: img/skip-graphic.JPG not found
[WARNING:2019-11-01 00:58:49,450:                isok() ]: img/second-half.JPG not found
[WARNING:2019-11-01 00:58:50,143:                isok() ]: img/highlights.JPG not found
[WARNING:2019-11-01 00:58:50,835:                isok() ]: img/experience.JPG not found
[WARNING:2019-11-01 00:58:51,467:                isok() ]: img/experience.JPG not found
[WARNING:2019-11-01 00:58:52,097:                isok() ]: img/levelup.JPG not found
[WARNING:2019-11-01 00:58:52,732:                isok() ]: img/rating.JPG not found
[WARNING:2019-11-01 00:58:53,362:                isok() ]: img/contract-confirm1.JPG not found
[WARNING:2019-11-01 00:58:54,002:                isok() ]: img/contract-manager-upd.JPG not found
[WARNING:2019-11-01 00:58:54,681:                isok() ]: img/contract-confirm1.JPG not found
[WARNING:2019-11-01 00:58:55,329:                isok() ]: img/pay-gp.JPG not found
[WARNING:2019-11-01 00:58:55,986:                isok() ]: img/sure-pay.JPG not found
[WARNING:2019-11-01 00:58:56,643:                isok() ]: img/contracts-renewed.JPG not found
[WARNING:2019-11-01 00:58:57,274:                isok() ]: sign/scout.JPG not found
[WARNING:2019-11-01 00:58:57,923:                isok() ]: sign/sign-enter.JPG not found
[WARNING:2019-11-01 00:58:58,557:                isok() ]: sign/choose-slot.JPG not found
[WARNING:2019-11-01 00:58:59,204:                isok() ]: sign/no-scouts.JPG not found
[WARNING:2019-11-01 00:58:59,859:                isok() ]: sign/confirm.JPG not found
[WARNING:2019-11-01 00:59:00,521:                isok() ]: sign/chosed-trainer.JPG not found
[WARNING:2019-11-01 00:59:01,174:                isok() ]: sign/sure.JPG not found
[WARNING:2019-11-01 00:59:01,817:                isok() ]: sign/skip.JPG not found
[WARNING:2019-11-01 00:59:02,459:                isok() ]: sign/confirm-player.JPG not found
[WARNING:2019-11-01 00:59:03,103:                isok() ]: sign/next.JPG not found
[WARNING:2019-11-01 00:59:03,740:                isok() ]: sign/added.JPG not found
[WARNING:2019-11-01 00:59:04,384:                isok() ]: sign/choose-slot.JPG not found
[WARNING:2019-11-01 00:59:05,042:                isok() ]: sign/sign-enter.JPG not found
[WARNING:2019-11-01 00:59:05,672:                isok() ]: sign/scout.JPG not found
[WARNING:2019-11-01 00:59:06,295:                isok() ]: img/club-house.JPG not found
[WARNING:2019-11-01 00:59:06,927:                isok() ]: sign/scout.JPG not found
[WARNING:2019-11-01 00:59:07,564:                isok() ]: sign/sign-enter.JPG not found
[WARNING:2019-11-01 00:59:08,262:                isok() ]: sign/sell-enter.JPG not found
[WARNING:2019-11-01 00:59:08,895:                isok() ]: sign/no-scouts-left.JPG not found
[WARNING:2019-11-01 00:59:09,521:                isok() ]: sign/unchecked.JPG not found
[WARNING:2019-11-01 00:59:10,143:                isok() ]: sign/last-checked.JPG not found
[WARNING:2019-11-01 00:59:10,805:                isok() ]: sign/confirm-sell.JPG not found
[WARNING:2019-11-01 00:59:11,454:                isok() ]: sign/no-scouts-left.JPG not found
[WARNING:2019-11-01 00:59:12,100:                isok() ]: sign/scout.JPG not found
[WARNING:2019-11-01 00:59:12,800:                isok() ]: conv/reserves.JPG not found
[WARNING:2019-11-01 00:59:13,436:                isok() ]: conv/white-ball.JPG not found
[WARNING:2019-11-01 00:59:14,052:                isok() ]: conv/bronze-ball.JPG not found
[WARNING:2019-11-01 00:59:14,730:                isok() ]: conv/reserves-list.JPG not found
[WARNING:2019-11-01 00:59:15,384:                isok() ]: conv/white-ball.JPG not found
[WARNING:2019-11-01 00:59:16,043:                isok() ]: conv/bronze-ball.JPG not found
[WARNING:2019-11-01 00:59:16,703:                isok() ]: conv/black-ball.JPG not found
[WARNING:2019-11-01 00:59:17,382:                isok() ]: conv/gold-ball.JPG not found
[WARNING:2019-11-01 00:59:18,074:                isok() ]: conv/black-ball.JPG not found
[WARNING:2019-11-01 00:59:18,727:                isok() ]: conv/player-menu.JPG not found
[WARNING:2019-11-01 00:59:19,382:                isok() ]: conv/convert.JPG not found
[WARNING:2019-11-01 00:59:20,018:                isok() ]: conv/no.JPG not found
[WARNING:2019-11-01 00:59:20,707:                isok() ]: conv/converted.JPG not found
[WARNING:2019-11-01 00:59:21,387:                isok() ]: sign/sign-enter.JPG not found
[INFO:2019-11-01 00:59:50,017:      initialize_pes() ]: PES2020.exe already running and initialized, we can proceed with scripts
[WARNING:2019-11-01 00:59:50,716:                isok() ]: img/club-house.JPG not found
[WARNING:2019-11-01 00:59:51,343:                isok() ]: img/online-confirm.jpg not found
[INFO:2019-11-01 00:59:54,817:                isok() ]: img/featured-players.JPG MATCH FOUND +++++++++++++++++++++++++++++++++++++++++++++++++++++++++++++
[WARNING:2019-11-01 00:59:57,629:                isok() ]: img/no-new-updates.JPG not found
[WARNING:2019-11-01 00:59:58,292:                isok() ]: img/proceed-small.JPG not found
[WARNING:2019-11-01 00:59:58,974:                isok() ]: img/big-ok.JPG not found
[WARNING:2019-11-01 00:59:59,622:                isok() ]: img/squad-list.JPG not found
[WARNING:2019-11-01 01:00:00,283:                isok() ]: img/sim-game.JPG not found
[WARNING:2019-11-01 01:00:00,926:                isok() ]: img/kickoff.JPG not found
[WARNING:2019-11-01 01:00:01,630:                isok() ]: img/match-started.JPG not found
[WARNING:2019-11-01 01:00:02,292:                isok() ]: img/skip-graphic.JPG not found
[WARNING:2019-11-01 01:00:02,932:                isok() ]: img/second-half.JPG not found
[WARNING:2019-11-01 01:00:03,576:                isok() ]: img/highlights.JPG not found
[WARNING:2019-11-01 01:00:04,255:                isok() ]: img/experience.JPG not found
[WARNING:2019-11-01 01:00:04,926:                isok() ]: img/experience.JPG not found
[WARNING:2019-11-01 01:00:05,550:                isok() ]: img/levelup.JPG not found
[WARNING:2019-11-01 01:00:06,246:                isok() ]: img/rating.JPG not found
[WARNING:2019-11-01 01:00:06,912:                isok() ]: img/contract-confirm1.JPG not found
[WARNING:2019-11-01 01:00:07,550:                isok() ]: img/contract-manager-upd.JPG not found
[WARNING:2019-11-01 01:00:08,249:                isok() ]: img/contract-confirm1.JPG not found
[WARNING:2019-11-01 01:00:08,897:                isok() ]: img/pay-gp.JPG not found
[WARNING:2019-11-01 01:00:09,612:                isok() ]: img/sure-pay.JPG not found
[WARNING:2019-11-01 01:00:10,324:                isok() ]: img/contracts-renewed.JPG not found
[WARNING:2019-11-01 01:00:11,011:                isok() ]: sign/scout.JPG not found
[WARNING:2019-11-01 01:00:11,675:                isok() ]: sign/sign-enter.JPG not found
[WARNING:2019-11-01 01:00:12,382:                isok() ]: sign/choose-slot.JPG not found
[WARNING:2019-11-01 01:00:13,029:                isok() ]: sign/no-scouts.JPG not found
[WARNING:2019-11-01 01:00:13,692:                isok() ]: sign/confirm.JPG not found
[WARNING:2019-11-01 01:00:14,329:                isok() ]: sign/chosed-trainer.JPG not found
[WARNING:2019-11-01 01:00:15,021:                isok() ]: sign/sure.JPG not found
[WARNING:2019-11-01 01:00:15,663:                isok() ]: sign/skip.JPG not found
[WARNING:2019-11-01 01:00:16,322:                isok() ]: sign/confirm-player.JPG not found
[WARNING:2019-11-01 01:00:16,991:                isok() ]: sign/next.JPG not found
[WARNING:2019-11-01 01:00:17,641:                isok() ]: sign/added.JPG not found
[WARNING:2019-11-01 01:00:18,325:                isok() ]: sign/choose-slot.JPG not found
[WARNING:2019-11-01 01:00:18,989:                isok() ]: sign/sign-enter.JPG not found
[WARNING:2019-11-01 01:00:19,636:                isok() ]: sign/scout.JPG not found
[WARNING:2019-11-01 01:00:20,328:                isok() ]: img/club-house.JPG not found
[WARNING:2019-11-01 01:00:20,999:                isok() ]: sign/scout.JPG not found
[WARNING:2019-11-01 01:00:21,647:                isok() ]: sign/sign-enter.JPG not found
[WARNING:2019-11-01 01:00:22,300:                isok() ]: sign/sell-enter.JPG not found
[WARNING:2019-11-01 01:00:22,977:                isok() ]: sign/no-scouts-left.JPG not found
[WARNING:2019-11-01 01:00:23,615:                isok() ]: sign/unchecked.JPG not found
[WARNING:2019-11-01 01:00:24,256:                isok() ]: sign/last-checked.JPG not found
[WARNING:2019-11-01 01:00:24,898:                isok() ]: sign/confirm-sell.JPG not found
[WARNING:2019-11-01 01:00:25,588:                isok() ]: sign/no-scouts-left.JPG not found
[WARNING:2019-11-01 01:00:26,213:                isok() ]: sign/scout.JPG not found
[WARNING:2019-11-01 01:00:26,850:                isok() ]: conv/reserves.JPG not found
[WARNING:2019-11-01 01:00:27,484:                isok() ]: conv/white-ball.JPG not found
[WARNING:2019-11-01 01:00:28,146:                isok() ]: conv/bronze-ball.JPG not found
[WARNING:2019-11-01 01:00:28,772:                isok() ]: conv/reserves-list.JPG not found
[WARNING:2019-11-01 01:00:29,436:                isok() ]: conv/white-ball.JPG not found
[WARNING:2019-11-01 01:00:30,096:                isok() ]: conv/bronze-ball.JPG not found
[WARNING:2019-11-01 01:00:30,739:                isok() ]: conv/black-ball.JPG not found
[WARNING:2019-11-01 01:00:31,399:                isok() ]: conv/gold-ball.JPG not found
[WARNING:2019-11-01 01:00:32,049:                isok() ]: conv/black-ball.JPG not found
[WARNING:2019-11-01 01:00:32,673:                isok() ]: conv/player-menu.JPG not found
[WARNING:2019-11-01 01:00:33,358:                isok() ]: conv/convert.JPG not found
[WARNING:2019-11-01 01:00:33,992:                isok() ]: conv/no.JPG not found
[WARNING:2019-11-01 01:00:34,695:                isok() ]: conv/converted.JPG not found
[WARNING:2019-11-01 01:00:35,375:                isok() ]: sign/sign-enter.JPG not found
[INFO:2019-11-01 01:03:44,233:      initialize_pes() ]: PES2020.exe already running and initialized, we can proceed with scripts
[INFO:2019-11-01 01:03:47,954:                isok() ]: img/club-house.JPG MATCH FOUND +++++++++++++++++++++++++++++++++++++++++++++++++++++++++++++
[WARNING:2019-11-01 01:03:50,883:                isok() ]: img/online-confirm.jpg not found
[WARNING:2019-11-01 01:03:51,517:                isok() ]: img/proceed-btn.JPG not found
[WARNING:2019-11-01 01:03:52,166:                isok() ]: img/no-new-updates.JPG not found
[WARNING:2019-11-01 01:03:52,837:                isok() ]: img/proceed-small.JPG not found
[WARNING:2019-11-01 01:03:53,470:                isok() ]: img/big-ok.JPG not found
[WARNING:2019-11-01 01:03:54,169:                isok() ]: img/squad-list.JPG not found
[WARNING:2019-11-01 01:03:54,847:                isok() ]: img/sim-game.JPG not found
[WARNING:2019-11-01 01:03:55,486:                isok() ]: img/kickoff.JPG not found
[WARNING:2019-11-01 01:03:56,126:                isok() ]: img/match-started.JPG not found
[WARNING:2019-11-01 01:03:56,771:                isok() ]: img/skip-graphic.JPG not found
[WARNING:2019-11-01 01:03:57,387:                isok() ]: img/second-half.JPG not found
[WARNING:2019-11-01 01:03:58,021:                isok() ]: img/highlights.JPG not found
[WARNING:2019-11-01 01:03:58,651:                isok() ]: img/experience.JPG not found
[WARNING:2019-11-01 01:03:59,275:                isok() ]: img/experience.JPG not found
[WARNING:2019-11-01 01:03:59,921:                isok() ]: img/levelup.JPG not found
[WARNING:2019-11-01 01:04:00,552:                isok() ]: img/rating.JPG not found
[WARNING:2019-11-01 01:04:01,178:                isok() ]: img/contract-confirm1.JPG not found
[WARNING:2019-11-01 01:04:01,818:                isok() ]: img/contract-manager-upd.JPG not found
[WARNING:2019-11-01 01:04:02,462:                isok() ]: img/contract-confirm1.JPG not found
[WARNING:2019-11-01 01:04:03,092:                isok() ]: img/pay-gp.JPG not found
[WARNING:2019-11-01 01:04:03,744:                isok() ]: img/sure-pay.JPG not found
[WARNING:2019-11-01 01:04:04,381:                isok() ]: img/contracts-renewed.JPG not found
[WARNING:2019-11-01 01:04:05,038:                isok() ]: sign/scout.JPG not found
[WARNING:2019-11-01 01:04:05,721:                isok() ]: sign/sign-enter.JPG not found
[WARNING:2019-11-01 01:04:06,347:                isok() ]: sign/choose-slot.JPG not found
[WARNING:2019-11-01 01:04:07,000:                isok() ]: sign/no-scouts.JPG not found
[WARNING:2019-11-01 01:04:07,650:                isok() ]: sign/confirm.JPG not found
[WARNING:2019-11-01 01:04:08,296:                isok() ]: sign/chosed-trainer.JPG not found
[WARNING:2019-11-01 01:04:09,001:                isok() ]: sign/sure.JPG not found
[WARNING:2019-11-01 01:04:09,649:                isok() ]: sign/skip.JPG not found
[WARNING:2019-11-01 01:04:10,347:                isok() ]: sign/confirm-player.JPG not found
[WARNING:2019-11-01 01:04:10,984:                isok() ]: sign/next.JPG not found
[WARNING:2019-11-01 01:04:11,644:                isok() ]: sign/added.JPG not found
[WARNING:2019-11-01 01:04:12,325:                isok() ]: sign/choose-slot.JPG not found
[WARNING:2019-11-01 01:04:13,008:                isok() ]: sign/sign-enter.JPG not found
[WARNING:2019-11-01 01:04:13,729:                isok() ]: sign/scout.JPG not found
[INFO:2019-11-01 01:04:17,217:                isok() ]: img/club-house.JPG MATCH FOUND +++++++++++++++++++++++++++++++++++++++++++++++++++++++++++++
[WARNING:2019-11-01 01:04:20,035:                isok() ]: sign/sign-enter.JPG not found
[WARNING:2019-11-01 01:04:20,705:                isok() ]: sign/sell-enter.JPG not found
[WARNING:2019-11-01 01:04:21,382:                isok() ]: sign/no-scouts-left.JPG not found
[WARNING:2019-11-01 01:04:22,030:                isok() ]: sign/unchecked.JPG not found
[WARNING:2019-11-01 01:04:22,656:                isok() ]: sign/last-checked.JPG not found
[WARNING:2019-11-01 01:04:23,318:                isok() ]: sign/confirm-sell.JPG not found
[WARNING:2019-11-01 01:04:24,006:                isok() ]: sign/no-scouts-left.JPG not found
[WARNING:2019-11-01 01:04:24,696:                isok() ]: sign/scout.JPG not found
[WARNING:2019-11-01 01:04:25,340:                isok() ]: conv/reserves.JPG not found
[WARNING:2019-11-01 01:04:26,037:                isok() ]: conv/white-ball.JPG not found
[WARNING:2019-11-01 01:04:26,677:                isok() ]: conv/bronze-ball.JPG not found
[WARNING:2019-11-01 01:04:27,326:                isok() ]: conv/reserves-list.JPG not found
[WARNING:2019-11-01 01:04:28,012:                isok() ]: conv/white-ball.JPG not found
[WARNING:2019-11-01 01:04:28,649:                isok() ]: conv/bronze-ball.JPG not found
[WARNING:2019-11-01 01:04:29,286:                isok() ]: conv/black-ball.JPG not found
[WARNING:2019-11-01 01:04:29,938:                isok() ]: conv/gold-ball.JPG not found
[WARNING:2019-11-01 01:04:30,602:                isok() ]: conv/black-ball.JPG not found
[WARNING:2019-11-01 01:04:31,265:                isok() ]: conv/player-menu.JPG not found
[WARNING:2019-11-01 01:04:31,942:                isok() ]: conv/convert.JPG not found
[WARNING:2019-11-01 01:04:32,650:                isok() ]: conv/no.JPG not found
[WARNING:2019-11-01 01:04:33,291:                isok() ]: conv/converted.JPG not found
[WARNING:2019-11-01 01:04:33,980:                isok() ]: sign/sign-enter.JPG not found
[INFO:2019-11-01 09:39:01,206:      initialize_pes() ]: PES2020.exe already running and initialized, we can proceed with scripts
[INFO:2019-11-01 09:40:35,840:      initialize_pes() ]: PES2020.exe already running and initialized, we can proceed with scripts
[WARNING:2019-11-01 09:40:36,506:                isok() ]: img/daily-bonus.JPG not found
[WARNING:2019-11-01 09:40:37,140:                isok() ]: img/online-confirm.jpg not found
[WARNING:2019-11-01 09:40:37,771:                isok() ]: img/proceed-btn.JPG not found
[WARNING:2019-11-01 09:40:38,409:                isok() ]: img/no-new-updates.JPG not found
[WARNING:2019-11-01 09:40:39,050:                isok() ]: img/proceed-small.JPG not found
[WARNING:2019-11-01 09:40:39,688:                isok() ]: img/big-ok.JPG not found
[INFO:2019-11-01 09:40:43,205:                isok() ]: img/squad-list.JPG MATCH FOUND +++++++++++++++++++++++++++++++++++++++++++++++++++++++++++++
[WARNING:2019-11-01 09:40:45,944:                isok() ]: img/kickoff.JPG not found
[WARNING:2019-11-01 09:40:46,599:                isok() ]: img/match-started.JPG not found
[WARNING:2019-11-01 09:40:47,236:                isok() ]: img/skip-graphic.JPG not found
[WARNING:2019-11-01 09:40:47,864:                isok() ]: img/second-half.JPG not found
[WARNING:2019-11-01 09:40:48,518:                isok() ]: img/highlights.JPG not found
[WARNING:2019-11-01 09:40:49,133:                isok() ]: img/experience.JPG not found
[WARNING:2019-11-01 09:40:49,752:                isok() ]: img/experience.JPG not found
[WARNING:2019-11-01 09:40:50,374:                isok() ]: img/levelup.JPG not found
[WARNING:2019-11-01 09:40:51,024:                isok() ]: img/rating.JPG not found
[WARNING:2019-11-01 09:40:51,661:                isok() ]: img/contract-confirm1.JPG not found
[WARNING:2019-11-01 09:40:52,274:                isok() ]: img/contract-manager-upd.JPG not found
[WARNING:2019-11-01 09:40:52,942:                isok() ]: img/contract-confirm1.JPG not found
[WARNING:2019-11-01 09:40:53,581:                isok() ]: img/pay-gp.JPG not found
[WARNING:2019-11-01 09:40:54,242:                isok() ]: img/sure-pay.JPG not found
[WARNING:2019-11-01 09:40:54,901:                isok() ]: img/contracts-renewed.JPG not found
[WARNING:2019-11-01 09:40:55,544:                isok() ]: sign/scout.JPG not found
[WARNING:2019-11-01 09:40:56,226:                isok() ]: sign/sign-enter.JPG not found
[WARNING:2019-11-01 09:40:57,442:                isok() ]: sign/choose-slot.JPG not found
[WARNING:2019-11-01 09:40:58,116:                isok() ]: sign/no-scouts.JPG not found
[WARNING:2019-11-01 09:40:58,738:                isok() ]: sign/confirm.JPG not found
[WARNING:2019-11-01 09:40:59,370:                isok() ]: sign/chosed-trainer.JPG not found
[WARNING:2019-11-01 09:41:00,030:                isok() ]: sign/sure.JPG not found
[WARNING:2019-11-01 09:41:00,679:                isok() ]: sign/skip.JPG not found
[WARNING:2019-11-01 09:41:01,391:                isok() ]: sign/confirm-player.JPG not found
[WARNING:2019-11-01 09:41:02,058:                isok() ]: sign/next.JPG not found
[WARNING:2019-11-01 09:41:02,700:                isok() ]: sign/added.JPG not found
[WARNING:2019-11-01 09:41:03,372:                isok() ]: sign/choose-slot.JPG not found
[WARNING:2019-11-01 09:41:03,997:                isok() ]: sign/sign-enter.JPG not found
[WARNING:2019-11-01 09:41:04,633:                isok() ]: sign/scout.JPG not found
[WARNING:2019-11-01 09:41:05,284:                isok() ]: sign/scout.JPG not found
[WARNING:2019-11-01 09:41:05,906:                isok() ]: sign/sign-enter.JPG not found
[WARNING:2019-11-01 09:41:06,571:                isok() ]: sign/sell-enter.JPG not found
[WARNING:2019-11-01 09:41:07,204:                isok() ]: sign/no-scouts-left.JPG not found
[WARNING:2019-11-01 09:41:07,851:                isok() ]: sign/unchecked.JPG not found
[WARNING:2019-11-01 09:41:08,489:                isok() ]: sign/last-checked.JPG not found
[WARNING:2019-11-01 09:41:09,124:                isok() ]: sign/confirm-sell.JPG not found
[WARNING:2019-11-01 09:41:09,741:                isok() ]: sign/no-scouts-left.JPG not found
[WARNING:2019-11-01 09:41:10,396:                isok() ]: sign/scout.JPG not found
[WARNING:2019-11-01 09:41:11,094:                isok() ]: conv/reserves.JPG not found
[WARNING:2019-11-01 09:41:11,704:                isok() ]: conv/white-ball.JPG not found
[WARNING:2019-11-01 09:41:12,376:                isok() ]: conv/bronze-ball.JPG not found
[WARNING:2019-11-01 09:41:12,991:                isok() ]: conv/reserves-list.JPG not found
[WARNING:2019-11-01 09:41:13,608:                isok() ]: conv/white-ball.JPG not found
[WARNING:2019-11-01 09:41:14,242:                isok() ]: conv/bronze-ball.JPG not found
[WARNING:2019-11-01 09:41:14,922:                isok() ]: conv/black-ball.JPG not found
[WARNING:2019-11-01 09:41:15,572:                isok() ]: conv/gold-ball.JPG not found
[WARNING:2019-11-01 09:41:16,246:                isok() ]: conv/black-ball.JPG not found
[WARNING:2019-11-01 09:41:16,916:                isok() ]: conv/player-menu.JPG not found
[WARNING:2019-11-01 09:41:17,592:                isok() ]: conv/convert.JPG not found
[WARNING:2019-11-01 09:41:18,258:                isok() ]: conv/no.JPG not found
[WARNING:2019-11-01 09:41:18,887:                isok() ]: conv/converted.JPG not found
[WARNING:2019-11-01 09:41:19,515:                isok() ]: sign/sign-enter.JPG not found
[INFO:2019-11-01 09:41:51,760:      initialize_pes() ]: PES2020.exe already running and initialized, we can proceed with scripts
[WARNING:2019-11-01 09:41:52,434:                isok() ]: img/daily-bonus.JPG not found
[WARNING:2019-11-01 09:41:53,057:                isok() ]: img/online-confirm.jpg not found
[WARNING:2019-11-01 09:41:53,725:                isok() ]: img/proceed-btn.JPG not found
[WARNING:2019-11-01 09:41:54,357:                isok() ]: img/no-new-updates.JPG not found
[WARNING:2019-11-01 09:41:55,008:                isok() ]: img/proceed-small.JPG not found
[WARNING:2019-11-01 09:41:55,678:                isok() ]: img/big-ok.JPG not found
[WARNING:2019-11-01 09:41:56,378:                isok() ]: img/sim-game.JPG not found
[WARNING:2019-11-01 09:41:57,017:                isok() ]: img/kickoff.JPG not found
[WARNING:2019-11-01 09:41:57,643:                isok() ]: img/match-started.JPG not found
[WARNING:2019-11-01 09:41:58,341:                isok() ]: img/skip-graphic.JPG not found
[WARNING:2019-11-01 09:41:58,956:                isok() ]: img/second-half.JPG not found
[WARNING:2019-11-01 09:41:59,654:                isok() ]: img/highlights.JPG not found
[WARNING:2019-11-01 09:42:00,279:                isok() ]: img/experience.JPG not found
[WARNING:2019-11-01 09:42:00,896:                isok() ]: img/experience.JPG not found
[WARNING:2019-11-01 09:42:01,515:                isok() ]: img/levelup.JPG not found
[WARNING:2019-11-01 09:42:02,128:                isok() ]: img/rating.JPG not found
[WARNING:2019-11-01 09:42:02,850:                isok() ]: img/contract-confirm1.JPG not found
[WARNING:2019-11-01 09:42:03,526:                isok() ]: img/contract-manager-upd.JPG not found
[WARNING:2019-11-01 09:42:04,181:                isok() ]: img/contract-confirm1.JPG not found
[WARNING:2019-11-01 09:42:04,814:                isok() ]: img/pay-gp.JPG not found
[WARNING:2019-11-01 09:42:05,540:                isok() ]: img/sure-pay.JPG not found
[WARNING:2019-11-01 09:42:06,189:                isok() ]: img/contracts-renewed.JPG not found
[WARNING:2019-11-01 09:42:06,845:                isok() ]: sign/scout.JPG not found
[WARNING:2019-11-01 09:42:07,535:                isok() ]: sign/sign-enter.JPG not found
[WARNING:2019-11-01 09:42:08,164:                isok() ]: sign/choose-slot.JPG not found
[WARNING:2019-11-01 09:42:08,859:                isok() ]: sign/no-scouts.JPG not found
[WARNING:2019-11-01 09:42:09,495:                isok() ]: sign/confirm.JPG not found
[WARNING:2019-11-01 09:42:10,149:                isok() ]: sign/chosed-trainer.JPG not found
[WARNING:2019-11-01 09:42:10,834:                isok() ]: sign/sure.JPG not found
[WARNING:2019-11-01 09:42:11,502:                isok() ]: sign/skip.JPG not found
[WARNING:2019-11-01 09:42:12,156:                isok() ]: sign/confirm-player.JPG not found
[WARNING:2019-11-01 09:42:12,807:                isok() ]: sign/next.JPG not found
[WARNING:2019-11-01 09:42:13,443:                isok() ]: sign/added.JPG not found
[WARNING:2019-11-01 09:42:14,135:                isok() ]: sign/choose-slot.JPG not found
[WARNING:2019-11-01 09:42:14,777:                isok() ]: sign/sign-enter.JPG not found
[WARNING:2019-11-01 09:42:15,406:                isok() ]: sign/scout.JPG not found
[WARNING:2019-11-01 09:42:16,059:                isok() ]: sign/scout.JPG not found
[WARNING:2019-11-01 09:42:16,751:                isok() ]: sign/sign-enter.JPG not found
[WARNING:2019-11-01 09:42:17,450:                isok() ]: sign/sell-enter.JPG not found
[WARNING:2019-11-01 09:42:18,076:                isok() ]: sign/no-scouts-left.JPG not found
[WARNING:2019-11-01 09:42:18,716:                isok() ]: sign/unchecked.JPG not found
[WARNING:2019-11-01 09:42:19,383:                isok() ]: sign/last-checked.JPG not found
[WARNING:2019-11-01 09:42:20,065:                isok() ]: sign/confirm-sell.JPG not found
[WARNING:2019-11-01 09:42:20,735:                isok() ]: sign/no-scouts-left.JPG not found
[WARNING:2019-11-01 09:42:21,360:                isok() ]: sign/scout.JPG not found
[WARNING:2019-11-01 09:42:22,007:                isok() ]: conv/reserves.JPG not found
[WARNING:2019-11-01 09:42:22,654:                isok() ]: conv/white-ball.JPG not found
[WARNING:2019-11-01 09:42:23,322:                isok() ]: conv/bronze-ball.JPG not found
[WARNING:2019-11-01 09:42:23,988:                isok() ]: conv/reserves-list.JPG not found
[WARNING:2019-11-01 09:42:24,661:                isok() ]: conv/white-ball.JPG not found
[WARNING:2019-11-01 09:42:25,359:                isok() ]: conv/bronze-ball.JPG not found
[WARNING:2019-11-01 09:42:26,017:                isok() ]: conv/black-ball.JPG not found
[WARNING:2019-11-01 09:42:26,675:                isok() ]: conv/gold-ball.JPG not found
[WARNING:2019-11-01 09:42:27,323:                isok() ]: conv/black-ball.JPG not found
[WARNING:2019-11-01 09:42:28,118:                isok() ]: conv/player-menu.JPG not found
[WARNING:2019-11-01 09:42:28,823:                isok() ]: conv/convert.JPG not found
[WARNING:2019-11-01 09:42:29,539:                isok() ]: conv/no.JPG not found
[WARNING:2019-11-01 09:42:30,259:                isok() ]: conv/converted.JPG not found
[WARNING:2019-11-01 09:42:30,951:                isok() ]: sign/sign-enter.JPG not found
[INFO:2019-11-01 10:06:40,432:      initialize_pes() ]: PES2020.exe already running and initialized, we can proceed with scripts
[INFO:2019-11-01 10:06:43,892:                isok() ]: img/an_unexpected_problem.JPG MATCH FOUND +++++++++++++++++++++++++++++++++++++++++++++++++++++++++++++
[INFO:2019-11-01 10:07:10,731:      initialize_pes() ]: PES2020.exe already running and initialized, we can proceed with scripts
[INFO:2019-11-01 10:07:14,212:                isok() ]: img/an_unexpected_problem.JPG MATCH FOUND +++++++++++++++++++++++++++++++++++++++++++++++++++++++++++++
[WARNING:2019-11-01 10:07:16,958:                isok() ]: img/online-confirm.jpg not found
[WARNING:2019-11-01 10:07:17,581:                isok() ]: img/proceed-btn.JPG not found
[WARNING:2019-11-01 10:07:18,226:                isok() ]: img/no-new-updates.JPG not found
[WARNING:2019-11-01 10:07:18,866:                isok() ]: img/proceed-small.JPG not found
[WARNING:2019-11-01 10:07:19,504:                isok() ]: img/big-ok.JPG not found
[WARNING:2019-11-01 10:07:20,134:                isok() ]: img/sim-game.JPG not found
[WARNING:2019-11-01 10:07:20,781:                isok() ]: img/kickoff.JPG not found
[WARNING:2019-11-01 10:07:21,402:                isok() ]: img/match-started.JPG not found
[WARNING:2019-11-01 10:07:22,045:                isok() ]: img/skip-graphic.JPG not found
[WARNING:2019-11-01 10:07:22,667:                isok() ]: img/second-half.JPG not found
[WARNING:2019-11-01 10:07:23,328:                isok() ]: img/highlights.JPG not found
[WARNING:2019-11-01 10:07:23,980:                isok() ]: img/experience.JPG not found
[WARNING:2019-11-01 10:07:24,635:                isok() ]: img/levelup.JPG not found
[WARNING:2019-11-01 10:07:25,273:                isok() ]: img/rating.JPG not found
[INFO:2019-11-01 10:07:28,723:                isok() ]: img/contract-confirm1.JPG MATCH FOUND +++++++++++++++++++++++++++++++++++++++++++++++++++++++++++++
